Configuration on demand is an incubating feature.
Reusing configuration cache.
> Task :app:generateDebugAssets UP-TO-DATE
> Task :app:preBuild UP-TO-DATE
> Task :app:preDebugBuild UP-TO-DATE
> Task :app:generateDebugResources FROM-CACHE
> Task :app:generateDebugBuildConfig FROM-CACHE
> Task :app:javaPreCompileDebug FROM-CACHE
> Task :app:extractDeepLinksDebug FROM-CACHE
> Task :app:packageDebugResources FROM-CACHE
> Task :app:createDebugCompatibleScreenManifests
> Task :app:parseDebugLocalResources FROM-CACHE
> Task :app:desugarDebugFileDependencies FROM-CACHE
> Task :app:validateSigningDebug
> Task :app:writeDebugAppMetadata
> Task :app:writeDebugSigningConfigVersions
> Task :app:mapDebugSourceSetPaths
> Task :app:mergeDebugJniLibFolders
> Task :app:mergeDebugAssets
> Task :app:compressDebugAssets FROM-CACHE
> Task :app:mergeDebugNativeLibs NO-SOURCE
> Task :app:stripDebugDebugSymbols NO-SOURCE
> Task :app:extractDebugNativeSymbolTables NO-SOURCE
> Task :app:mergeDebugNativeDebugMetadata NO-SOURCE
> Task :app:processDebugMainManifest FROM-CACHE
> Task :app:processDebugManifest FROM-CACHE
> Task :app:processDebugManifestForPackage FROM-CACHE
> Task :app:checkDebugAarMetadata
> Task :app:checkDebugDuplicateClasses
> Task :app:mergeLibDexDebug FROM-CACHE
> Task :app:mergeDebugResources FROM-CACHE
> Task :app:mergeExtDexDebug FROM-CACHE
> Task :app:processDebugResources FROM-CACHE
> Task :app:kspDebugKotlin FROM-CACHE
> Task :app:compileDebugKotlin FROM-CACHE
> Task :app:compileDebugJavaWithJavac FROM-CACHE
> Task :app:hiltAggregateDepsDebug FROM-CACHE
> Task :app:hiltJavaCompileDebug FROM-CACHE
> Task :app:processDebugJavaRes
> Task :app:transformDebugClassesWithAsm FROM-CACHE
> Task :app:dexBuilderDebug FROM-CACHE
> Task :app:mergeDebugJavaResource
> Task :app:mergeProjectDexDebug FROM-CACHE
> Task :app:mergeDebugGlobalSynthetics FROM-CACHE
> Task :app:packageDebug
> Task :app:assembleDebug
> Task :app:createDebugApkListingFileRedirect

BUILD SUCCESSFUL in 2m 49s
37 actionable tasks: 13 executed, 24 from cache
Configuration cache entry reused.
