
> pluct-mobile-tests@1.0.0 test:all
> node scripts/nodejs/Pluct-Main-01Orchestrator.js

[23:31:14.435] [INFO] ≡ƒô¥ Journey setup completed
[23:31:14.444] [INFO] ≡ƒÄ» Starting Pluct Main Orchestrator...
[23:31:14.444] [INFO] ≡ƒÄ» Scope: All, URL: https://vm.tiktok.com/ZMAKpqkpN/
[23:31:14.445] [INFO] ≡ƒºá Initializing Smart Test Runner...
[23:31:14.446] [INFO] ≡ƒôè Previous run found: 0 failed, 21 passed
[23:31:14.446] [INFO] ≡ƒôè Last run: 2025-11-28T20:30:10.104Z
[23:31:14.448] [INFO] ≡ƒÄ» Validating environment...
[23:31:14.449] [INFO] Validating environment...
[23:31:15.187] [INFO] Environment validation passed
[23:31:15.188] [INFO] Γ£à Environment validation passed
[23:31:15.188] [INFO] ≡ƒÜÇ Optimizing performance...
[23:31:15.188] [INFO] ≡ƒÜÇ Running comprehensive optimization...
[23:31:15.189] [INFO] Clearing app cache...
[23:31:15.823] [INFO] App cache cleared successfully
[23:31:17.823] [INFO] Clearing WorkManager tasks...
[23:31:18.073] [INFO] No WorkManager tasks found (this is normal)
[23:31:19.327] [INFO] Γ£à Comprehensive optimization completed
[23:31:19.327] [INFO] Γ£à Performance optimization completed
[23:31:19.329] [INFO] ≡ƒÄ» Loading all journeys...
[23:31:19.454] [INFO] ≡ƒô¥ Journey registered: AppLaunch
[23:31:19.454] [INFO] ≡ƒô¥ Journey registered: ErrorNotificationValidation
[23:31:19.454] [INFO] ≡ƒô¥ Journey registered: Pluct-UI-Header-01CreditBalance-Validation
[23:31:19.454] [INFO] ≡ƒô¥ Journey registered: Pluct-UI-Header-02SettingsNavigation-Validation
[23:31:19.454] [INFO] ≡ƒô¥ Journey registered: Pluct-UI-Header-03EndToEndIntegration-Validation
[23:31:19.455] [INFO] ≡ƒô¥ Journey registered: QuickScan
[23:31:19.455] [INFO] ≡ƒô¥ Journey registered: TikTokIntentTranscription
[23:31:19.455] [INFO] ≡ƒô¥ Journey registered: TikTok-Intent-Route-01Transcription
[23:31:19.455] [INFO] ≡ƒô¥ Journey registered: TikTokManualURLTranscription
[23:31:19.455] [INFO] ≡ƒô¥ Journey registered: TranscriptStorageDisplay
[23:31:19.455] [INFO] ≡ƒô¥ Journey registered: Pluct-Transcript-01BackgroundWorker-Validation
[23:31:19.456] [INFO] ≡ƒô¥ Journey registered: Pluct-Transcript-02PerformanceTiming-Validation
[23:31:19.456] [INFO] ≡ƒô¥ Journey registered: Pluct-Transcript-03EndToEndWorkflow-Validation
[23:31:19.456] [INFO] ≡ƒô¥ Journey registered: FreeTier-E2E-01Validation
[23:31:19.456] [INFO] ≡ƒô¥ Journey registered: PremiumTier-E2E-01Validation
[23:31:19.456] [INFO] ≡ƒô¥ Journey registered: API-Connectivity-01ComprehensiveTest
[23:31:19.456] [INFO] ≡ƒô¥ Journey registered: APIConnectivity
[23:31:19.456] [INFO] ≡ƒô¥ Journey registered: BusinessEngineIntegration
[23:31:19.456] [INFO] ≡ƒô¥ Journey registered: CacheOptimization
[23:31:19.457] [INFO] ≡ƒô¥ Journey registered: CurrentAppValidation
[23:31:19.457] [INFO] ≡ƒô¥ Journey registered: E2E-Dynamic-UI-01Validation
[23:31:19.457] [INFO] ≡ƒô¥ Journey registered: E2E-Transcript-CompleteFlow
[23:31:19.457] [INFO] ≡ƒô¥ Journey registered: Enhanced-E2E-01Validation
[23:31:19.458] [INFO] ≡ƒô¥ Journey registered: ErrorE2E_Backend401
[23:31:19.458] [INFO] ≡ƒô¥ Journey registered: ErrorE2E_DebugDeepLink
[23:31:19.458] [INFO] ≡ƒô¥ Journey registered: ErrorE2E_SimpleTest
[23:31:19.458] [INFO] ≡ƒô¥ Journey registered: ErrorInfraCheck
[23:31:19.458] [INFO] ≡ƒô¥ Journey registered: ErrorNotification-02System
[23:31:19.458] [INFO] ≡ƒô¥ Journey registered: ErrorReporting
[23:31:19.458] [INFO] ≡ƒô¥ Journey registered: ExportSharing
[23:31:19.459] [INFO] ≡ƒô¥ Journey registered: ManualURLInput
[23:31:19.459] [INFO] ≡ƒô¥ Journey registered: MetadataFlow
[23:31:19.459] [INFO] ≡ƒô¥ Journey registered: MetadataValidation
[23:31:19.459] [INFO] ≡ƒô¥ Journey registered: OfflineQueue
[23:31:19.459] [INFO] ≡ƒô¥ Journey registered: PerformanceMonitoring
[23:31:19.459] [INFO] ≡ƒô¥ Journey registered: QualityScoring
[23:31:19.459] [INFO] ≡ƒô¥ Journey registered: ShareIntent
[23:31:19.459] [INFO] ≡ƒô¥ Journey registered: StatusMonitoring
[23:31:19.460] [INFO] ≡ƒô¥ Journey registered: StatusUpdates
[23:31:19.460] [INFO] ≡ƒô¥ Journey registered: TikTok-Intent-01Transcription-01VendToken
[23:31:19.460] [INFO] ≡ƒô¥ Journey registered: TikTok-Intent-01Transcription-02SubmitTranscription
[23:31:19.460] [INFO] ≡ƒô¥ Journey registered: TikTok-Intent-01Transcription-03PollStatus
[23:31:19.460] [INFO] ≡ƒô¥ Journey registered: TikTok-Intent-01Transcription-04UIValidation
[23:31:19.461] [INFO] ≡ƒô¥ Journey registered: TikTok-Intent-01Transcription-Orchestrator
[23:31:19.463] [INFO] ≡ƒô¥ Journey registered: TokenVendingValidation
[23:31:19.464] [INFO] ≡ƒô¥ Journey registered: TTTranscribeIntegration
[23:31:19.464] [INFO] ≡ƒô¥ Journey registered: UserIdentificationValidation
[23:31:19.464] [INFO] ≡ƒô¥ Journey registered: Pluct-Journey-01AppLaunch
[23:31:19.465] [INFO] ≡ƒô¥ Journey registered: Pluct-Test-Validation-01Orchestrator
[23:31:19.465] [INFO] ≡ƒô¥ Journey registered: Pluct-Test-Validation-02SystemHealth
[23:31:19.465] [INFO] ≡ƒô¥ Journey registered: Pluct-Test-Validation-03AppUI
[23:31:19.466] [INFO] ≡ƒô¥ Journey registered: Pluct-Test-Validation-04APIConnectivity
[23:31:19.466] [INFO] ≡ƒô¥ Journey registered: Pluct-Test-Validation-05CreditBalance
[23:31:19.466] [INFO] ≡ƒô¥ Journey registered: Pluct-Test-Validation-06TokenVending
[23:31:19.466] [INFO] ≡ƒô¥ Journey registered: Pluct-Test-Validation-07VideoProcessing
[23:31:19.466] [INFO] ≡ƒô¥ Journey registered: Pluct-Test-Validation-08Transcription
[23:31:19.466] [INFO] ≡ƒô¥ Journey registered: Pluct-Test-Validation-09UIState
[23:31:19.466] [INFO] ≡ƒô¥ Journey registered: Pluct-Test-Validation-10ErrorHandling
[23:31:19.466] [INFO] ≡ƒô¥ Journey registered: Pluct-Test-Validation-11Performance
[23:31:19.466] [INFO] ≡ƒÄ» Loaded 59 journeys
[23:31:19.468] [INFO] ≡ƒÄ» === SMART TEST EXECUTION STRATEGY ===
[23:31:19.468] [INFO] ≡ƒÄ» Strategy: FULL
[23:31:19.468] [INFO] ≡ƒÄ» Reason: No failed tests from previous runs
[23:31:19.468] [INFO] ≡ƒÄ» Tests to run: 59
[23:31:19.468] [INFO] ≡ƒÄ» Running test: Journey-AppLaunch.js
[23:31:19.468] [INFO] ≡ƒÄ» Mapped Journey-AppLaunch.js to journey: AppLaunch
[23:31:19.468] [INFO] ≡ƒÄ» Running journey: AppLaunch
[23:31:19.469] [INFO] ≡ƒÄ» Testing App Launch end-to-end...
[23:31:19.469] [INFO] Launching Pluct app...
[23:31:20.168] [INFO] App launched successfully
[23:31:39.988] [INFO] Γ£à Found app content: Pluct
[23:31:39.988] [INFO] Γ£à Journey AppLaunch completed successfully
[23:31:39.988] [INFO] Γ£à Journey-AppLaunch.js PASSED (20520ms)
[23:31:39.988] [INFO] ≡ƒÄ» Running test: Journey-ErrorNotificationValidation.js
[23:31:39.989] [INFO] ≡ƒÄ» Mapped Journey-ErrorNotificationValidation.js to journey: ErrorNotificationValidation
[23:31:39.989] [INFO] ≡ƒÄ» Running journey: ErrorNotificationValidation
[23:31:39.989] [INFO] ≡ƒö┤ Validating Error Notification System...
[23:31:39.989] [INFO] Launching Pluct app...
[23:31:40.259] [INFO] App launched successfully
[23:31:51.558] [INFO] Γ£à App detected
[23:31:51.559] [INFO] Γ£à App content found
[23:31:51.559] [INFO] Γ£à Main content found
[23:31:51.559] [INFO] ≡ƒô▒ Testing Basic App Interaction...
[23:31:53.973] [INFO] Γ£à Title interaction successful
[23:31:57.456] [INFO] Γ£à App remains stable
[23:31:57.456] [INFO] Γ£à Error notification validation passed (simplified version)
[23:31:57.456] [INFO] Γ£à Journey ErrorNotificationValidation completed successfully
[23:31:57.456] [INFO] Γ£à Journey-ErrorNotificationValidation.js PASSED (17467ms)
[23:31:57.456] [INFO] ≡ƒÄ» Running test: Pluct-UI-Header-01CreditBalance-Validation.js
[23:31:57.456] [INFO] ≡ƒÄ» Mapped Pluct-UI-Header-01CreditBalance-Validation.js to journey: Pluct-UI-Header-01CreditBalance-Validation
[23:31:57.456] [INFO] ≡ƒÄ» Running journey: Pluct-UI-Header-01CreditBalance-Validation
[23:31:57.457] [INFO] ≡ƒÜÇ Starting: Pluct-UI-Header-01CreditBalance-Validation
[23:31:57.457] [INFO] - Step 1: App Initialization & Balance Load
[23:32:02.375] [INFO] Γ£à Credit balance display found in header
[23:32:02.376] [INFO] - Step 2: Balance Refresh Functionality
[23:32:05.313] [INFO] Γ£à Tapped on credit balance container
[23:32:08.876] [INFO] Γ£à Balance refresh attempted
[23:32:08.876] [INFO] - Step 3: Error Handling & Recovery
[23:32:10.343] [INFO] Γ£à No error state detected in header
[23:32:10.343] [INFO] - Step 4: Low Balance Scenarios
[23:32:11.834] [INFO] Γ£à Low balance (0 credits) detected
[23:32:11.835] [INFO] - Step 5: Header Layout and Accessibility
[23:32:13.331] [INFO] Γ£à Header elements found
[23:32:13.331] [INFO] Γ£à Completed: Pluct-UI-Header-01CreditBalance-Validation
[23:32:13.331] [INFO] Γ£à Journey Pluct-UI-Header-01CreditBalance-Validation completed successfully
[23:32:13.331] [INFO] Γ£à Pluct-UI-Header-01CreditBalance-Validation.js PASSED (15875ms)
[23:32:13.331] [INFO] ≡ƒÄ» Running test: Pluct-UI-Header-02SettingsNavigation-Validation.js
[23:32:13.331] [INFO] ≡ƒÄ» Mapped Pluct-UI-Header-02SettingsNavigation-Validation.js to journey: Pluct-UI-Header-02SettingsNavigation-Validation
[23:32:13.331] [INFO] ≡ƒÄ» Running journey: Pluct-UI-Header-02SettingsNavigation-Validation
[23:32:13.332] [INFO] ≡ƒÜÇ Starting: Pluct-UI-Header-02SettingsNavigation-Validation
[23:32:13.332] [INFO] - Step 1: Settings Navigation
[23:32:18.498] [INFO] Γ£à Settings element found: Settings
[23:32:28.237] [WARN] ΓÜá∩╕Å Could not tap on settings element
[23:32:28.237] [INFO] - Step 2: Settings Screen Functionality
[23:32:30.503] [WARN] ΓÜá∩╕Å No provider configuration options found
[23:32:30.503] [INFO] Γ£à Found 1 toggle elements
[23:32:30.503] [INFO] Γ£à API key field found: key
[23:32:30.503] [INFO] Γ£à Found 1 API key input fields
[23:32:30.504] [INFO] - Step 3: Settings Integration with Business Engine
[23:32:31.981] [INFO] Γ£à Credit balance still visible in settings screen
[23:32:31.981] [INFO] - Step 4: Navigation State Management
[23:32:45.161] [INFO] Γ£à Used back button to navigate
[23:32:48.599] [INFO] Γ£à Successfully navigated back to home screen
[23:32:48.599] [INFO] Γ£à Header remains intact after navigation
[23:32:48.599] [INFO] - Step 5: Settings Persistence Validation
[23:32:50.041] [WARN] ΓÜá∩╕Å Settings not accessible after navigation
[23:32:50.041] [INFO] Γ£à Completed: Pluct-UI-Header-02SettingsNavigation-Validation
[23:32:50.041] [INFO] Γ£à Journey Pluct-UI-Header-02SettingsNavigation-Validation completed successfully
[23:32:50.042] [INFO] Γ£à Pluct-UI-Header-02SettingsNavigation-Validation.js PASSED (36711ms)
[23:32:50.042] [INFO] ≡ƒÄ» Running test: Pluct-UI-Header-03EndToEndIntegration-Validation.js
[23:32:50.042] [INFO] ≡ƒÄ» Mapped Pluct-UI-Header-03EndToEndIntegration-Validation.js to journey: Pluct-UI-Header-03EndToEndIntegration-Validation
[23:32:50.042] [INFO] ≡ƒÄ» Running journey: Pluct-UI-Header-03EndToEndIntegration-Validation
[23:32:50.042] [INFO] ≡ƒÜÇ Starting: Pluct-UI-Header-03EndToEndIntegration-Validation
[23:32:50.042] [INFO] - Step 1: Complete App Initialization
[23:32:55.918] [INFO] Γ£à Header loads completely with both credit balance and settings gear
[23:32:55.918] [INFO] Γ£à Accessibility labels found in header
[23:32:55.918] [INFO] - Step 2: Credit Balance Integration with Transcription Flow
[23:32:55.918] [INFO] Γ£à Initial balance detected: 3 credits
[23:32:55.918] [INFO] ≡ƒÄ¼ Initiating transcription request...
[23:32:55.918] [INFO] ≡ƒÄ¼ Opening capture sheet...
[23:32:57.357] [WARN] ΓÜá∩╕Å Could not find FAB, trying alternative method
[23:32:59.191] [INFO] Γ£à Capture sheet opened
[23:33:00.191] [INFO] Using clipboard method for URL/special characters
[23:33:00.192] [INFO] Inputting text via paste (length: 32): https://vm.tiktok.com/ZMAKpqkpN/...
[23:33:01.193] [INFO] Clipboard set via service call
[23:33:03.127] [WARN] Paste button not found, using paste keyevent
[23:33:05.902] [INFO] Γ£à Verified: Text found in UI after paste keyevent
[23:33:08.403] [WARN] ΓÜá∩╕Å Could not initiate quick scan
[23:33:08.404] [INFO] - Step 3: Error Scenarios and Recovery
[23:33:09.917] [INFO] Γ£à No error state detected in header
[23:33:09.918] [INFO] - Step 4: Header Persistence and State Management
[23:33:11.400] [WARN] ΓÜá∩╕Å Could not navigate to settings
[23:33:11.400] [INFO] - Step 5: Performance and Responsiveness
[23:33:18.795] [WARN] ΓÜá∩╕Å Header may be slow (7395ms)
[23:33:20.418] [INFO] Γ£à Smooth transitions detected
[23:33:20.418] [INFO] - Step 6: Final Header State Validation
[23:33:22.222] [INFO] Γ£à Complete header functionality validated
[23:33:22.223] [INFO] Γ£à No final error states detected
[23:33:22.223] [INFO] Γ£à Completed: Pluct-UI-Header-03EndToEndIntegration-Validation
[23:33:22.223] [INFO] Γ£à Journey Pluct-UI-Header-03EndToEndIntegration-Validation completed successfully
[23:33:22.223] [INFO] Γ£à Pluct-UI-Header-03EndToEndIntegration-Validation.js PASSED (32181ms)
[23:33:22.223] [INFO] ≡ƒÄ» Running test: Journey-QuickScan.js
[23:33:22.223] [INFO] ≡ƒÄ» Mapped Journey-QuickScan.js to journey: QuickScan
[23:33:22.223] [INFO] ≡ƒÄ» Running journey: QuickScan
[23:33:22.225] [INFO] ≡ƒÄ» Testing QuickScan (Start Transcription) end-to-end...
[23:33:22.225] [INFO] ≡ƒô▒ Step 1: Ensuring app is in foreground...
[23:33:23.719] [INFO] Γ£à App is in foreground
[23:33:23.719] [INFO] ≡ƒô▒ Step 2: Checking URL input...
[23:33:25.219] [INFO] Γ£à URL is already pre-populated
[23:33:25.219] [INFO] ≡ƒô▒ Step 3: Waiting for Start Transcription button to be enabled...
[23:33:27.219] [INFO] ≡ƒôè Dumping UI hierarchy for button detection...
[23:33:28.714] [INFO] ≡ƒô▒ Current UI state (first 500 chars):
[23:33:28.714] [INFO] <?xml version='1.0' encoding='UTF-8' standalone='yes' ?><hierarchy rotation="0"><node index="0" text="" resource-id="" class="android.widget.FrameLayout" package="app.pluct" content-desc="" checkable="false" checked="false" clickable="false" enabled="true" focusable="false" focused="false" scrollable="false" long-clickable="false" password="false" selected="false" bounds="[0,0][720,1280]"><node index="0" text="" resource-id="" class="android.widget.LinearLayout" package="app.pluct" content-desc=...
[23:33:28.714] [INFO] ≡ƒöì Method 1: Trying to tap by test tag "extract_script_button"...
[23:33:30.310] [WARN] ΓÜá∩╕Å Could not tap by test tag
[23:33:30.310] [INFO] ≡ƒöì Method 2: Trying to tap by text "Extract Script"...
[23:33:32.683] [INFO] Γ£à Successfully tapped by text "Extract Script"
[23:33:32.683] [INFO] Γ£à Extract Script button tapped successfully
[23:33:32.684] [INFO] ≡ƒô▒ Step 4: Waiting for processing to start...
[23:33:37.177] [INFO] Γ£à Processing indicators visible
[23:33:37.177] [INFO] ≡ƒô▒ Step 5: Validating REAL transcription processing with Business Engine...
[23:33:37.177] [INFO] ΓÅ│ Starting 160-second timeout validation for REAL API transcription...
[23:33:37.177] [INFO] ≡ƒöì Monitoring logcat for Business Engine API calls...
[23:33:37.424] [WARN] ΓÜá∩╕Å ADB command failed but no stderr/stdout captured. Error structure: {"message":"Command failed: adb logcat -d | findstr -i \"PluctBusinessEngineService\"\n","code":1,"signal":"","hasStderr":false,"hasStdout":false,"errorKeys":["code","killed","signal","cmd","stdout","stderr"]}
[23:33:37.424] [INFO] Search command returned no matches (exit code 1): adb logcat -d | findstr -i "PluctBusinessEngineService"
[23:33:37.424] [INFO] ≡ƒô▒ Recent Business Engine API calls:
[23:33:37.425] [INFO] 
[23:33:37.425] [INFO] ΓÅ│ Waiting for transcript result (timeout: 160000ms)...
[23:33:38.936] [INFO] Γ£à Transcript result detected in UI
[23:33:38.936] [INFO] Γ£à QuickScan completed successfully in 16711ms
[23:33:38.936] [INFO] ≡ƒôè Final result summary:
[23:33:38.936] [INFO]   - Total duration: 16711ms
[23:33:38.936] [INFO]   - Final stage: completed
[23:33:38.936] [INFO]   - Success: true
[23:33:38.936] [INFO] Γ£à Journey QuickScan completed successfully
[23:33:38.936] [INFO] Γ£à Journey-QuickScan.js PASSED (16713ms)
[23:33:38.936] [INFO] ≡ƒÄ» Running test: Journey-TikTok-Intent-01Transcription.js
[23:33:38.936] [INFO] ≡ƒÄ» Mapped Journey-TikTok-Intent-01Transcription.js to journey: TikTokIntentTranscription
[23:33:38.937] [INFO] ≡ƒÄ» Running journey: TikTokIntentTranscription
[23:33:38.937] [INFO] ≡ƒÄ» Starting TikTok Intent Transcription Journey...
[23:33:38.937] [INFO] ≡ƒº╣ Step 0: Clearing EditText Field for Clean Test Run
[23:33:39.940] [INFO] ≡ƒô▒ Step 1: App Launch and Initial State
[23:33:39.940] [INFO] Launching Pluct app...
[23:33:40.066] [INFO] App launched successfully
[23:33:45.067] [INFO] ≡ƒô▒ Step 2: Simulating TikTok Intent
[23:33:45.068] [INFO] ≡ƒöä Simulating TikTok intent with URL: https://vm.tiktok.com/ZMAKpqkpN/
[23:33:45.068] [INFO] ≡ƒöº Intent command: adb shell am start -a android.intent.action.SEND -t "text/plain" --es android.intent.extra.TEXT "https://vm.tiktok.com/ZMAKpqkpN/" app.pluct/.PluctUIScreen01MainActivity
[23:33:48.232] [INFO] ≡ƒô▒ Step 3: Verifying Always-Visible Capture Component with Pre-filled URL
[23:33:48.232] [INFO] ≡ƒöì Verifying always-visible capture component with pre-filled URL...
[23:33:49.697] [INFO] Γ£à Always-visible capture component found with pre-filled URL from INTENT
[23:33:49.697] [INFO] ≡ƒô▒ Step 4: Submitting Pre-filled URL for Processing
[23:33:49.697] [INFO] ≡ƒÜÇ Submitting pre-filled URL for processing...
[23:34:00.657] [INFO] Γ£à Submit button tapped for pre-filled URL
[23:34:04.467] [INFO] Γ£à Processing indicators found in UI (check 1/5)
[23:34:04.467] [INFO] Γ£à Processing started successfully
[23:34:04.467] [INFO] ≡ƒô▒ Step 5: Monitoring Transcription Process
[23:34:04.468] [INFO] ΓÅ│ Monitoring transcription process...
[23:34:06.075] [INFO] Γ£à Transcription completed
[23:34:06.076] [INFO] ≡ƒô▒ Step 6: Verifying Transcript Display
[23:34:06.076] [INFO] ≡ƒôä Verifying transcript display...
[23:34:07.746] [INFO] Γ£à Transcript displayed successfully
[23:34:07.747] [INFO] Γ£à TikTok Intent Transcription Journey completed in 28810ms
[23:34:07.747] [INFO] Γ£à Journey TikTokIntentTranscription completed successfully
[23:34:07.747] [INFO] Γ£à Journey-TikTok-Intent-01Transcription.js PASSED (28811ms)
[23:34:07.747] [INFO] ≡ƒÄ» Running test: Journey-TikTok-Intent-Route-01Transcription.js
[23:34:07.747] [INFO] ≡ƒÄ» Mapped Journey-TikTok-Intent-Route-01Transcription.js to journey: TikTok-Intent-Route-01Transcription
[23:34:07.747] [INFO] ≡ƒÄ» Running journey: TikTok-Intent-Route-01Transcription
[23:34:07.747] [INFO] ≡ƒÄ» Starting TikTok Intent Route Transcription Journey
[23:34:07.747] [INFO] Max duration: 160000ms
[23:34:07.748] [INFO] ≡ƒô▒ Step 1: Launching Pluct app...
[23:34:07.748] [INFO] Launching Pluct app...
[23:34:07.939] [INFO] App launched successfully
[23:34:15.423] [INFO] Γ£à App launched successfully
[23:34:15.423] [INFO] ≡ƒôñ Step 2: Simulating TikTok intent...
[23:34:17.638] [INFO] Γ£à Intent simulated with URL: https://www.tiktok.com/@testuser/video/1234567890
[23:34:17.638] [INFO] ≡ƒöì Step 3: Verifying transcription started...
[23:34:19.080] [INFO] Γ£à Transcription started - progress UI detected
[23:34:19.081] [INFO] ΓÅ▒∩╕Å Step 4: Monitoring transcription progress...
[23:34:19.081] [INFO] Γ£à App is functional and intent was processed
[23:34:19.081] [INFO] ≡ƒÄë TikTok Intent Route Transcription Journey Completed Successfully!
[23:34:19.081] [INFO] Γ£à Journey TikTok-Intent-Route-01Transcription completed successfully
[23:34:19.081] [INFO] Γ£à Journey-TikTok-Intent-Route-01Transcription.js PASSED (11334ms)
[23:34:19.081] [INFO] ≡ƒÄ» Running test: Journey-TikTok-Manual-URL-01Transcription.js
[23:34:19.081] [INFO] ≡ƒÄ» Mapped Journey-TikTok-Manual-URL-01Transcription.js to journey: TikTokManualURLTranscription
[23:34:19.081] [INFO] ≡ƒÄ» Running journey: TikTokManualURLTranscription
[23:34:19.081] [INFO] ≡ƒÄ» Starting TikTok Manual URL Transcription Journey...
[23:34:19.082] [INFO] ≡ƒöä Step 0: Clearing app data for clean test run
[23:34:21.595] [INFO] ≡ƒô▒ Step 1: App Launch and Initial State
[23:34:21.595] [INFO] Launching Pluct app...
[23:34:21.752] [INFO] App launched successfully
[23:34:26.753] [INFO] ≡ƒô▒ Step 2: Verifying Always-Visible Capture Component
[23:34:26.753] [INFO] ≡ƒöì Verifying always-visible capture component...
[23:34:28.579] [INFO] Γ£à Always-visible capture component found
[23:34:28.579] [INFO] ≡ƒô▒ Step 3: Entering TikTok URL in Always-Visible Component
[23:34:28.579] [INFO] ≡ƒô¥ Entering TikTok URL in always-visible component: https://vm.tiktok.com/ZMAKpqkpN/
[23:34:35.024] [INFO] ≡ƒæå Tapping first edit text field...
[23:34:36.465] [INFO] Found EditText at coordinates: (360, 295)
[23:34:37.376] [INFO] Using clipboard method for URL/special characters
[23:34:37.376] [INFO] Inputting text via paste (length: 32): https://vm.tiktok.com/ZMAKpqkpN/...
[23:34:38.539] [INFO] Clipboard set via service call
[23:34:40.477] [WARN] Paste button not found, using paste keyevent
[23:34:43.236] [INFO] Γ£à Verified: Text found in UI after paste keyevent
[23:34:45.660] [INFO] Γ£à URL entered successfully and verified in UI dump
[23:34:45.660] [INFO] ≡ƒô▒ Step 4: Submitting for Processing
[23:34:45.661] [INFO] ≡ƒÜÇ Submitting URL for processing...
[23:34:50.343] [INFO] Γ£à Submit button tapped in always-visible component
[23:34:53.780] [INFO] Γ£à URL found in UI dump
[23:34:53.897] [WARN] ΓÜá∩╕Å ADB command failed but no stderr/stdout captured. Error structure: {"message":"Command failed: adb logcat -d -t 20 | findstr -i \"onTierSubmit|Extract Script|vend-token|submitTranscription|PluctBusinessEngineService\"\n","code":1,"signal":"","hasStderr":false,"hasStdout":false,"errorKeys":["code","killed","signal","cmd","stdout","stderr"]}
[23:34:53.897] [INFO] Search command returned no matches (exit code 1): adb logcat -d -t 20 | findstr -i "onTierSubmit|Extract Script|vend-token|submitTranscription|PluctBusinessEngineService"
[23:34:53.898] [INFO] Γ£à Processing started - UI shows processing indicators
[23:34:53.898] [INFO] ≡ƒô▒ Step 5: Monitoring Transcription Process
[23:34:53.898] [INFO] ΓÅ│ Monitoring transcription process...
[23:34:55.360] [INFO] Γ£à Transcription completed
[23:34:55.360] [INFO] ≡ƒô▒ Step 6: Verifying Transcript Display
[23:34:55.361] [INFO] ≡ƒôä Verifying transcript display...
[23:34:56.792] [INFO] Γ£à Transcript displayed successfully
[23:34:56.792] [INFO] Γ£à TikTok Manual URL Transcription Journey completed in 37710ms
[23:34:56.792] [INFO] Γ£à Journey TikTokManualURLTranscription completed successfully
[23:34:56.793] [INFO] Γ£à Journey-TikTok-Manual-URL-01Transcription.js PASSED (37712ms)
[23:34:56.793] [INFO] ≡ƒÄ» Running test: Journey-Transcript-Storage-01Display.js
[23:34:56.793] [INFO] ≡ƒÄ» Mapped Journey-Transcript-Storage-01Display.js to journey: TranscriptStorageDisplay
[23:34:56.793] [INFO] ≡ƒÄ» Running journey: TranscriptStorageDisplay
[23:34:56.793] [INFO] ≡ƒÄ» Starting Transcript Storage Display Journey...
[23:34:56.793] [INFO] ≡ƒô▒ Step 1: Verifying App State
[23:34:56.793] [INFO] ≡ƒöì Verifying app state...
[23:34:59.570] [INFO] Γ£à App state verified
[23:34:59.570] [INFO] ≡ƒô▒ Step 2: Checking for Existing Transcripts
[23:34:59.570] [INFO] ≡ƒôï Checking for existing transcripts...
[23:35:01.062] [INFO] ≡ƒôè Found 2 transcript references and 0 video cards
[23:35:01.063] [INFO] ≡ƒô▒ Step 3: Testing Transcript Display
[23:35:01.063] [INFO] ≡ƒôä Testing transcript display...
[23:35:02.501] [INFO] Γ£à Transcript display elements found
[23:35:02.501] [INFO] ≡ƒô▒ Step 4: Testing Copy to Clipboard
[23:35:02.502] [INFO] ≡ƒôï Testing copy to clipboard...
[23:35:03.961] [INFO] Γ£à Copy functionality elements found
[23:35:03.961] [INFO] ≡ƒô▒ Step 5: Testing Navigation
[23:35:03.962] [INFO] ≡ƒº¡ Testing navigation...
[23:35:03.962] [INFO] ΓÜÖ∩╕Å Testing settings navigation...
[23:35:06.849] [WARN] ΓÜá∩╕Å Settings navigation failed
[23:35:06.850] [INFO] Γ¼à∩╕Å Testing back navigation...
[23:35:10.630] [WARN] ΓÜá∩╕Å Back navigation failed
[23:35:10.630] [INFO] Γ£à Navigation tests completed
[23:35:10.630] [INFO] Γ£à Transcript Storage Display Journey completed in 13837ms
[23:35:10.630] [INFO] Γ£à Journey TranscriptStorageDisplay completed successfully
[23:35:10.630] [INFO] Γ£à Journey-Transcript-Storage-01Display.js PASSED (13837ms)
[23:35:10.630] [INFO] ≡ƒÄ» Running test: Pluct-Transcript-01BackgroundWorker-Validation.js
[23:35:10.630] [INFO] ≡ƒÄ» Mapped Pluct-Transcript-01BackgroundWorker-Validation.js to journey: Pluct-Transcript-01BackgroundWorker-Validation
[23:35:10.631] [INFO] ≡ƒÄ» Running journey: Pluct-Transcript-01BackgroundWorker-Validation
[23:35:10.631] [INFO] ≡ƒÜÇ Starting: Pluct-Transcript-01BackgroundWorker-Validation
[23:35:10.631] [INFO] - Step 1: Transcription Initiation & Worker Activation
[23:35:10.631] [INFO] - Step 2: Real-Time Progress Updates
[23:35:10.631] [INFO] - Step 3: Background Worker Health Monitoring
[23:35:10.631] [INFO] - Step 4: Worker Error Reporting
[23:35:10.631] [INFO] Γ£à Completed: Pluct-Transcript-01BackgroundWorker-Validation
[23:35:10.631] [INFO] Γ£à Journey Pluct-Transcript-01BackgroundWorker-Validation completed successfully
[23:35:10.631] [INFO] Γ£à Pluct-Transcript-01BackgroundWorker-Validation.js PASSED (1ms)
[23:35:10.631] [INFO] ≡ƒÄ» Running test: Pluct-Transcript-02PerformanceTiming-Validation.js
[23:35:10.631] [INFO] ≡ƒÄ» Mapped Pluct-Transcript-02PerformanceTiming-Validation.js to journey: Pluct-Transcript-02PerformanceTiming-Validation
[23:35:10.631] [INFO] ≡ƒÄ» Running journey: Pluct-Transcript-02PerformanceTiming-Validation
[23:35:10.631] [INFO] ≡ƒÜÇ Starting: Pluct-Transcript-02PerformanceTiming-Validation
[23:35:10.631] [INFO] - Step 1: Performance Baseline Establishment
[23:35:10.632] [INFO] - Step 2: Step-by-Step Timing Validation
[23:35:10.632] [INFO] - Step 3: Timeout and Failure Analysis
[23:35:10.632] [INFO] - Step 4: Success Path Validation
[23:35:10.632] [INFO] Γ£à Transcription completed within the time limit: 0s
[23:35:10.632] [INFO] Γ£à Completed: Pluct-Transcript-02PerformanceTiming-Validation
[23:35:10.632] [INFO] Γ£à Journey Pluct-Transcript-02PerformanceTiming-Validation completed successfully
[23:35:10.632] [INFO] Γ£à Pluct-Transcript-02PerformanceTiming-Validation.js PASSED (1ms)
[23:35:10.632] [INFO] ≡ƒÄ» Running test: Pluct-Transcript-03EndToEndWorkflow-Validation.js
[23:35:10.632] [INFO] ≡ƒÄ» Mapped Pluct-Transcript-03EndToEndWorkflow-Validation.js to journey: Pluct-Transcript-03EndToEndWorkflow-Validation
[23:35:10.632] [INFO] ≡ƒÄ» Running journey: Pluct-Transcript-03EndToEndWorkflow-Validation
[23:35:10.632] [INFO] ≡ƒÜÇ Starting: Pluct-Transcript-03EndToEndWorkflow-Validation
[23:35:10.632] [INFO] - Step 1: Complete Workflow Initiation
[23:35:10.632] [INFO] - Step 2: Background Process Monitoring
[23:35:10.632] [INFO] - Step 3: UI State Management During Process
[23:35:10.632] [INFO] - Step 4: Final Validation and Cleanup
[23:35:10.632] [INFO] - Step 5: Error Recovery and Resilience
[23:35:10.632] [INFO] Γ£à Completed: Pluct-Transcript-03EndToEndWorkflow-Validation
[23:35:10.632] [INFO] Γ£à Journey Pluct-Transcript-03EndToEndWorkflow-Validation completed successfully
[23:35:10.632] [INFO] Γ£à Pluct-Transcript-03EndToEndWorkflow-Validation.js PASSED (0ms)
[23:35:10.633] [INFO] ≡ƒÄ» Running test: Journey-FreeTier-E2E-01Validation.js
[23:35:10.633] [INFO] ≡ƒÄ» Mapped Journey-FreeTier-E2E-01Validation.js to journey: FreeTier-E2E-01Validation
[23:35:10.633] [INFO] ≡ƒÄ» Running journey: FreeTier-E2E-01Validation
[23:35:10.633] [INFO] ≡ƒÄ» Testing Free Tier E2E Journey...
[23:35:10.633] [INFO] ≡ƒô▒ Step 1: Launching app and verifying initial state...
[23:35:15.339] [WARN] ΓÜá∩╕Å Free uses counter not found in initial UI
[23:35:15.339] [INFO] ≡ƒô▒ Step 2: Entering TikTok URL...
[23:35:19.602] [INFO] Inputting text via paste (length: 32): https://vm.tiktok.com/ZMA730880/...
[23:35:20.711] [INFO] Clipboard set via service call
[23:35:22.683] [WARN] Paste button not found, using paste keyevent
[23:35:25.403] [INFO] Γ£à Verified: Text found in UI after paste keyevent
[23:35:27.404] [INFO] ≡ƒô▒ Step 3: Verifying Extract Script button with free uses text...
[23:35:28.866] [WARN] ΓÜá∩╕Å Free uses text not found, but continuing...
[23:35:28.866] [INFO] ≡ƒô▒ Step 4: Tapping Extract Script button (free tier)...
[23:35:35.001] [INFO] ≡ƒô▒ Step 5: Verifying processing state...
[23:35:38.389] [WARN] ΓÜá∩╕Å Processing indicators not clearly visible, but continuing...
[23:35:38.389] [INFO] ≡ƒô▒ Step 6: Waiting for processing completion...
[23:35:42.803] [INFO] Γ£à Processing appears to be complete
[23:35:42.803] [INFO] ≡ƒô▒ Step 7: Verifying video item appears with FREE tier...
[23:35:44.269] [INFO] Searching logcat for: 401, unauthorized, X-Engine-Auth, TTTranscribe service error
[23:35:44.565] [INFO] Found term in logcat: 401
[23:35:44.577] [WARN] ΓÜá∩╕Å TTTranscribe service returned 401 - authentication/configuration issue
[23:35:44.577] [INFO] Γ£à Frontend is working correctly, error handling is functioning
[23:35:44.577] [INFO] Γ£à Test passed: UI and Business Engine integration working, server needs X-Engine-Auth configuration
[23:35:44.577] [INFO] Γ£à Journey FreeTier-E2E-01Validation completed successfully
[23:35:44.577] [INFO] Γ£à Journey-FreeTier-E2E-01Validation.js PASSED (33944ms)
[23:35:44.578] [INFO] ≡ƒÄ» Running test: Journey-PremiumTier-E2E-01Validation.js
[23:35:44.578] [INFO] ≡ƒÄ» Mapped Journey-PremiumTier-E2E-01Validation.js to journey: PremiumTier-E2E-01Validation
[23:35:44.578] [INFO] ≡ƒÄ» Running journey: PremiumTier-E2E-01Validation
[23:35:44.579] [INFO] ≡ƒÄ» Testing Premium Tier E2E Journey...
[23:35:44.579] [INFO] ≡ƒô▒ Step 1: Launching app and verifying credit balance...
[23:35:49.391] [INFO] ≡ƒô▒ Step 2: Entering TikTok URL...
[23:35:53.585] [INFO] Inputting text via paste (length: 32): https://vm.tiktok.com/ZMA730881/...
[23:35:54.667] [INFO] Clipboard set via service call
[23:35:56.633] [WARN] Paste button not found, using paste keyevent
[23:35:59.456] [INFO] Γ£à Verified: Text found in UI after paste keyevent
[23:36:01.458] [INFO] ≡ƒô▒ Step 3: Verifying Generate Insights button...
[23:36:02.869] [INFO] ≡ƒô▒ Step 4: Tapping Generate Insights button (premium tier)...
[23:36:11.999] [WARN] ΓÜá∩╕Å Premium button not found, using FREE tier button instead
[23:36:11.999] [INFO] Γ£à Premium tier feature may not be implemented yet
[23:36:11.999] [INFO] Γ£à Journey PremiumTier-E2E-01Validation completed successfully
[23:36:11.999] [INFO] Γ£à Journey-PremiumTier-E2E-01Validation.js PASSED (27421ms)
[23:36:11.999] [INFO] ≡ƒÄ» Running test: Journey-API-Connectivity-01ComprehensiveTest.js
[23:36:11.999] [INFO] ≡ƒÄ» Mapped Journey-API-Connectivity-01ComprehensiveTest.js to journey: API-Connectivity-01ComprehensiveTest
[23:36:11.999] [INFO] ≡ƒÄ» Running journey: API-Connectivity-01ComprehensiveTest
[23:36:11.999] [INFO] ≡ƒÄ» Testing Comprehensive API Connectivity...
[23:36:13.259] [INFO] Γ£à Business Engine health check passed
[23:36:14.871] [INFO] Γ£à Credit balance check passed
[23:36:14.969] [WARN] ΓÜá∩╕Å Token vending failed (expected if no credits): Token vending returned status: 400
[23:36:17.608] [WARN] ΓÜá∩╕Å TTTranscribe integration failed (expected if no credits): TTTranscribe integration returned status: 202
[23:36:18.610] [INFO] Γ£à End-to-end transcription test passed
[23:36:18.610] [INFO] Γ£à Journey API-Connectivity-01ComprehensiveTest completed successfully
[23:36:18.610] [INFO] Γ£à Journey-API-Connectivity-01ComprehensiveTest.js PASSED (6611ms)
[23:36:18.610] [INFO] ≡ƒÄ» Running test: Journey-APIConnectivity.js
[23:36:18.610] [INFO] ≡ƒÄ» Mapped Journey-APIConnectivity.js to journey: APIConnectivity
[23:36:18.610] [INFO] ≡ƒÄ» Running journey: APIConnectivity
[23:36:18.610] [INFO] ≡ƒöù Validating Business Engine and TTTranscribe connectivity...
[23:36:19.237] [INFO] Γ£à Business Engine health check passed with status: 200
[23:36:19.238] [INFO] Using generated test JWT
[23:36:19.375] [WARN] ΓÜá∩╕Å Transcribe request returned status: 401
[23:36:19.375] [INFO] Γ£à Journey APIConnectivity completed successfully
[23:36:19.375] [INFO] Γ£à Journey-APIConnectivity.js PASSED (765ms)
[23:36:19.375] [INFO] ≡ƒÄ» Running test: Journey-BusinessEngineIntegration.js
[23:36:19.376] [INFO] ≡ƒÄ» Mapped Journey-BusinessEngineIntegration.js to journey: BusinessEngineIntegration
[23:36:19.376] [INFO] ≡ƒÄ» Running journey: BusinessEngineIntegration
[23:36:19.376] [INFO] ≡ƒöù Testing Business Engine Integration...
[23:36:19.376] [INFO] Launching Pluct app...
[23:36:19.510] [INFO] App launched successfully
[23:36:25.931] [INFO] Γ£à App screen detected
[23:36:25.931] [INFO] ≡ƒÅá Testing Home Screen Elements...
[23:36:25.931] [INFO] Γ£à App title found
[23:36:25.931] [INFO] Γ£à Transcripts section or welcome screen found
[23:36:25.931] [WARN] ΓÜá∩╕Å Instructions not found, but app has content
[23:36:25.931] [INFO] ≡ƒÄ» Testing App Functionality...
[23:36:28.423] [INFO] Γ£à App maintains focus
[23:36:28.423] [INFO] ≡ƒô▒ Testing Basic Interaction...
[23:36:30.896] [INFO] Γ£à Title interaction successful
[23:36:30.897] [INFO] ≡ƒöº Testing App Stability...
[23:36:34.343] [INFO] Γ£à App remains stable
[23:36:34.343] [INFO] ≡ƒô▒ Testing Basic App Functionality...
[23:36:34.343] [INFO] Γ£à Main content preserved
[23:36:34.343] [INFO] Γ£à Business Engine Integration test completed
[23:36:34.343] [INFO] Γ£à Journey BusinessEngineIntegration completed successfully
[23:36:34.343] [INFO] Γ£à Journey-BusinessEngineIntegration.js PASSED (14967ms)
[23:36:34.343] [INFO] ≡ƒÄ» Running test: Journey-CacheOptimization.js
[23:36:34.343] [INFO] ≡ƒÄ» Mapped Journey-CacheOptimization.js to journey: CacheOptimization
[23:36:34.343] [INFO] ≡ƒÄ» Running journey: CacheOptimization
[23:36:34.344] [INFO] ≡ƒÜÇ Starting Cache Optimization Journey
[23:36:34.344] [INFO] ≡ƒöì Verifying cache optimization UI accessibility...
[23:36:37.280] [INFO] Γä╣∩╕Å Cache optimization UI not visible (may be in settings or advanced section)
[23:36:37.280] [INFO] ≡ƒôè Testing cache statistics display...
[23:36:38.720] [INFO] Γä╣∩╕Å Cache statistics not visible (cache may be empty)
[23:36:38.720] [INFO] ≡ƒÆí Testing optimization suggestions...
[23:36:40.147] [INFO] Γä╣∩╕Å Optimization suggestions button not found
[23:36:40.147] [INFO] ΓÜÖ∩╕Å Testing cache management controls...
[23:36:41.590] [INFO] Γä╣∩╕Å Cache management controls not found
[23:36:41.590] [INFO] Γ£à Cache Optimization Journey completed successfully
[23:36:41.590] [INFO] Γ£à Journey CacheOptimization completed successfully
[23:36:41.590] [INFO] Γ£à Journey-CacheOptimization.js PASSED (7247ms)
[23:36:41.591] [INFO] ≡ƒÄ» Running test: Journey-CurrentAppValidation.js
[23:36:41.591] [INFO] ≡ƒÄ» Mapped Journey-CurrentAppValidation.js to journey: CurrentAppValidation
[23:36:41.591] [INFO] ≡ƒÄ» Running journey: CurrentAppValidation
[23:36:41.591] [INFO] ≡ƒÄ» Validating Current App Functionality...
[23:36:44.277] [INFO] Γ£à Home screen detected
[23:36:44.277] [INFO] ≡ƒô▒ Testing Basic App Functionality...
[23:36:46.573] [INFO] Γ£à Title interaction successful
[23:36:50.087] [INFO] Γ£à App remains stable
[23:36:50.252] [INFO] Γ£à Debug deep link executed successfully
[23:36:53.700] [INFO] Γä╣∩╕Å No error banner system detected (expected for current app)
[23:36:53.700] [INFO] Γä╣∩╕Å API connectivity validation skipped in simplified version
[23:36:53.700] [INFO] Γ£à Journey CurrentAppValidation completed successfully
[23:36:53.700] [INFO] Γ£à Journey-CurrentAppValidation.js PASSED (12109ms)
[23:36:53.700] [INFO] ≡ƒÄ» Running test: Journey-E2E-Dynamic-UI-01Validation.js
[23:36:53.700] [INFO] ≡ƒÄ» Mapped Journey-E2E-Dynamic-UI-01Validation.js to journey: E2E-Dynamic-UI-01Validation
[23:36:53.700] [INFO] ≡ƒÄ» Running journey: E2E-Dynamic-UI-01Validation
[23:36:53.700] [INFO] ≡ƒÜÇ Starting E2E Dynamic UI Validation Journey
[23:36:53.700] [INFO] ≡ƒô▒ Step 1: Ensuring app is running...
[23:36:53.700] [INFO] Launching Pluct app...
[23:36:53.850] [INFO] App launched successfully
[23:37:00.152] [INFO] Γ£à App is running and ready
[23:37:00.152] [INFO] ≡ƒº╣ Step 1.5: Clearing existing video items...
[23:37:01.583] [INFO] Γ£à No existing video items found to clear
[23:37:03.014] [INFO] ≡ƒô▒ Step 2: Validating Extract Script button click with UI change detection...
[23:37:04.432] [INFO] ≡ƒô¥ Ensuring URL is present in input field...
[23:37:05.859] [INFO] ≡ƒô¥ URL not present, entering it...
[23:37:08.653] [INFO] Using clipboard method for URL/special characters
[23:37:08.653] [INFO] Inputting text via paste (length: 32): https://vm.tiktok.com/ZMAKpqkpN/...
[23:37:09.697] [INFO] Clipboard set via service call
[23:37:11.620] [WARN] Paste button not found, using paste keyevent
[23:37:14.341] [INFO] Γ£à Verified: Text found in UI after paste keyevent
[23:37:16.765] [ERROR] Γ¥î E2E Dynamic UI Validation Journey failed: CRITICAL: URL not found after input
[23:37:16.765] [ERROR] (CRITICAL: URL not found after input) Γ¥î Journey E2E-Dynamic-UI-01Validation failed:
[23:37:16.765] [ERROR] Γ¥î Journey-E2E-Dynamic-UI-01Validation.js FAILED (23065ms): CRITICAL: URL not found after input
[23:37:16.766] [INFO] ≡ƒöì === DETAILED FAILURE ANALYSIS ===
[23:37:16.766] [INFO] ≡ƒöì Failed Test: Journey-E2E-Dynamic-UI-01Validation.js
[23:37:16.766] [INFO] ≡ƒöì Error: CRITICAL: URL not found after input
[23:37:16.766] [INFO] ≡ƒöì Timestamp: 2025-11-28T20:37:16.766Z
[23:37:16.766] [INFO] ≡ƒöì Capturing current UI state...
[23:37:18.245] [INFO] ≡ƒô▒ Current UI State:
[23:37:18.245] [INFO] <?xml version='1.0' encoding='UTF-8' standalone='yes' ?><hierarchy rotation="0"><node index="0" text="" resource-id="" class="android.widget.FrameLayout" package="app.pluct" content-desc="" checkable="false" checked="false" clickable="false" enabled="true" focusable="false" focused="false" scrollable="false" long-clickable="false" password="false" selected="false" bounds="[0,0][720,1280]"><node index="0" text="" resource-id="" class="android.widget.LinearLayout" package="app.pluct" content-desc="" checkable="false" checked="false" clickable="false" enabled="true" focusable="false" focused="false" scrollable="false" long-clickable="false" password="false" selected="false" bounds="[0,0][720,1280]"><node index="0" text="" resource-id="android:id/content" class="android.widget.FrameLayout" package="app.pluct" content-desc="" checkable="false" checked="false" clickable="false" enabled="true" focusable="false" focused="false" scrollable="false" long-clickable="false" password="false" selected="false" bounds="[0,48][720,1280]"><node index="0" text="" resource-id="" class="androidx.compose.ui.platform.ComposeView" package="app.pluct" content-desc="" checkable="false" checked="false" clickable="false" enabled="true" focusable="false" focused="false" scrollable="false" long-clickable="false" password="false" selected="false" bounds="[0,48][720,1280]"><node index="0" text="" resource-id="" class="android.view.View" package="app.pluct" content-desc="" checkable="false" checked="false" clickable="false" enabled="true" focusable="false" focused="false" scrollable="false" long-clickable="false" password="false" selected="false" bounds="[0,48][720,1280]"><node index="0" text="" resource-id="" class="android.view.View" package="app.pluct" content-desc="" checkable="false" checked="false" clickable="false" enabled="true" focusable="false" focused="false" scrollable="false" long-clickable="false" password="false" selected="false" bounds="[0,48][720,1280]"><node index="0" text="" resou...
[23:37:18.245] [INFO] ≡ƒöì Checking recent logcat errors...
[23:37:18.485] [INFO] ≡ƒô▒ Recent Logcat Errors:
[23:37:18.485] [INFO] 11-28 23:36:49.991 15824 15824 E cutils-trace: Error opening trace file: No such file or directory (2)
11-28 23:36:51.445  1587  3051 I ActivityManager: START u0 {act=android.intent.action.VIEW dat=pluct://debug/error?code=TEST_ERROR flg=0x10000000 cmp=app.pluct/.PluctUIScreen01MainActivity} from uid 2000
11-28 23:36:51.453 14742 14742 D IntentHandler: Received URI: pluct://debug/error?code=TEST_ERROR
11-28 23:36:53.660 15843 15843 E cutils-trace: Error opening trace file: No such file or directory (2)
11-28 23:36:55.039  1587  3720 I ActivityManager: START u0 {flg=0x10000000 cmp=app.pluct/.PluctUIScreen01MainActivity} from uid 2000
11-28 23:37:00.330  1587  3720 I ActivityManager: START u0 {flg=0x10000000 cmp=app.pluct/.PluctUIScreen01MainActivity} from uid 2000
11-28 23:37:01.549 15871 15871 E cutils-trace: Error opening trace file: No such file or directory (2)
11-28 23:37:02.992 15885 15885 E cutils-trace: Error opening trace file: No such file or directory (2)
11-28 23:37:04.414 15899 15899 E cutils-trace: Error opening trace file: No such file or directory (2)
11-28 23:37:05.843 15913 15913 E cutils-trace: Error opening trace file: No such file or directory (2)
11-28 23:37:07.283 15929 15929 E cutils-trace: Error opening trace file: No such file or directory (2)
11-28 23:37:08.737 15943 15943 E cutils-trace: Error opening trace file: No such file or directory (2)
11-28 23:37:10.043 15958 15958 E cutils-trace: Error opening trace file: No such file or directory (2)
11-28 23:37:10.497 15968 15968 E cutils-trace: Error opening trace file: No such file or directory (2)
11-28 23:37:11.594 15983 15983 E cutils-trace: Error opening trace file: No such file or directory (2)
11-28 23:37:13.022 16000 16000 E cutils-trace: Error opening trace file: No such file or directory (2)
11-28 23:37:14.321 16010 16010 E cutils-trace: Error opening trace file: No such file or directory (2)
11-28 23:37:16.747 16024 16024 E cutils-trace: Error opening trace file: No such file or directory (2)
11-28 23:37:18.216 16037 16037 E cutils-trace: Error opening trace file: No such file or directory (2)

[23:37:18.485] [INFO] ≡ƒöì Checking app status...
[23:37:18.639] [INFO] ≡ƒô▒ App Status:
[23:37:18.639] [INFO]     * TaskRecord{26c4048 #22 A=app.pluct U=0 StackId=20 sz=1}
      affinity=app.pluct
      intent={flg=0x10000000 cmp=app.pluct/.PluctUIScreen01MainActivity}
      realActivity=app.pluct/.PluctUIScreen01MainActivity
      Activities=[ActivityRecord{ec494d3 u0 app.pluct/.PluctUIScreen01MainActivity t22}]
      mRootProcess=ProcessRecord{35d7ee1 14742:app.pluct/u0a277}
      * Hist #0: ActivityRecord{ec494d3 u0 app.pluct/.PluctUIScreen01MainActivity t22}
          packageName=app.pluct processName=app.pluct
          app=ProcessRecord{35d7ee1 14742:app.pluct/u0a277}
          Intent { flg=0x10000000 cmp=app.pluct/.PluctUIScreen01MainActivity }
          frontOfTask=true task=TaskRecord{26c4048 #22 A=app.pluct U=0 StackId=20 sz=1}
          taskAffinity=app.pluct
          realActivity=app.pluct/.PluctUIScreen01MainActivity
          baseDir=/data/app/app.pluct-BZDllgf89OYfyJ6up1g_mw==/base.apk
          dataDir=/data/user/0/app.pluct
      TaskRecord{26c4048 #22 A=app.pluct U=0 StackId=20 sz=1}
        Run #0: ActivityRecord{ec494d3 u0 app.pluct/.PluctUIScreen01MainActivity t22}
    mResumedActivity: ActivityRecord{ec494d3 u0 app.pluct/.PluctUIScreen01MainActivity t22}
  ResumedActivity: ActivityRecord{ec494d3 u0 app.pluct/.PluctUIScreen01MainActivity t22}

[23:37:18.639] [INFO] ≡ƒöì Checking device information...
[23:37:18.750] [INFO] ≡ƒô▒ Android Version: 9
[23:37:18.750] [INFO] ≡ƒöì Checking network status...
[23:37:18.894] [INFO] ≡ƒô▒ Network Status:
[23:37:18.895] [INFO] NetworkFactories for: Ethernet PhoneSwitcherNetworkRequstListener WIFI WIFI_UT TelephonyNetworkFactory[0] WIFI_AWARE_FACTORY
Active default network: 100
Current Networks:
  NetworkAgentInfo{ ni{[type: WIFI[], state: CONNECTED/CONNECTED, reason: (unspecified), extra: (none), failover: false, available: true, roaming: false]}  network{100}  nethandle{432902426637}  lp{{InterfaceName: wlan0 LinkAddresses: [fe80::2db:7cff:fed1:eba7/64,172.16.1.15/24,]  Routes: [fe80::/64 -> :: wlan0,172.16.1.0/24 -> 0.0.0.0 wlan0,0.0.0.0/0 -> 172.16.1.2 wlan0,] DnsAddresses: [10.243.48.180,8.8.8.8,8.8.4.4,] UsePrivateDns: true PrivateDnsServerName: null Domains: null MTU: 0 TcpBufferSizes: 524288,1048576,2097152,262144,524288,1048576 HttpProxy: [ProxyProperties.mHost == null] }}  nc{[ Transports: WIFI Capabilities: NOT_METERED&INTERNET&NOT_RESTRICTED&TRUSTED&NOT_VPN&VALIDATED&NOT_ROAMING&FOREGROUND&NOT_CONGESTED&NOT_SUSPENDED Unwanted:  LinkUpBandwidth>=1048576Kbps LinkDnBandwidth>=1048576Kbps SignalStrength: -50 SSID: ""station-EOKQVH""]}  Score{60}  everValidated{true}  lastValidated{true}  created{true} lingering{false} explicitlySelected{false} acceptUnvalidated{false} everCaptivePortalDetected{false} lastCaptivePortalDetected{false} clat{null} }
      NetworkRequest [ REQUEST id=1, [ Capabilities: INTERNET&NOT_RESTRICTED&TRUSTED&NOT_VPN Unwanted: ] ]
      NetworkRequest [ LISTEN id=3, [] ]
      NetworkRequest [ LISTEN id=5, [ Capabilities: NOT_RESTRICTED&TRUSTED&NOT_VPN Unwanted:  Uid: 1000] ]
      NetworkRequest [ LISTEN id=6, [ Capabilities: INTERNET&NOT_RESTRICTED&TRUSTED&VALIDATED Unwanted:  Uid: 1000] ]
      NetworkRequest [ TRACK_DEFAULT id=7, [ Capabilities: INTERNET&NOT_RESTRICTED&TRUSTED Unwanted:  Uid: 1000] ]
      NetworkRequest [ LISTEN id=8, [ Transports: WIFI Capabilities: NOT_VPN Unwanted: ] ]
      NetworkRequest [ TRACK_DEFAULT id=9, [ Capabilities: INTERNET&NOT_RESTRICTED&TRUSTED Unwanted:  Uid: 10019] ]
      NetworkRequest [ LISTEN id=10, [] ]
      NetworkRequest [ LISTEN id=11, [ Capabilities: INTERNET&TRUSTED Unwanted:  Uid: 10014] ]
      NetworkRequest [ TRACK_DEFAULT id=12, [ Capabilities: INTERNET&NOT_RESTRICTED&TRUSTED Unwanted:  Uid: 10014] ]
      NetworkRequest [ TRACK_DEFAULT id=13, [ Capabilities: INTERNET&NOT_RESTRICTED&TRUSTED Unwanted:  Uid: 10014] ]
      NetworkRequest [ TRACK_DEFAULT id=15, [ Capabilities: INTERNET&NOT_RESTRICTED&TRUSTED Unwanted:  Uid: 10014] ]
      NetworkRequest [ LISTEN id=17, [ Capabilities: INTERNET&NOT_RESTRICTED&TRUSTED Unwanted:  Uid: 10014] ]
      NetworkRequest [ TRACK_DEFAULT id=19, [ Capabilities: INTERNET&NOT_RESTRICTED&TRUSTED Unwanted:  Uid: 10016] ]
      NetworkRequest [ LISTEN id=25, [ Transports: WIFI Capabilities: NOT_RESTRICTED&TRUSTED&NOT_VPN Unwanted:  Uid: 10014] ]
      NetworkRequest [ TRACK_DEFAULT id=26, [ Capabilities: INTERNET&NOT_RESTRICTED&TRUSTED Unwanted:  Uid: 10014] ]
      NetworkRequest [ LISTEN id=27, [ Capabilities: INTERNET&NOT_RESTRICTED&TRUSTED Unwanted:  Uid: 10014] ]
      NetworkRequest [ TRACK_DEFAULT id=29, [ Capabilities: INTERNET&NOT_RESTRICTED&TRUSTED Unwanted:  Uid: 10014] ]
      NetworkRequest [ LISTEN id=31, [ Transports: WIFI Capabilities: NOT_RESTRICTED&TRUSTED&NOT_VPN Unwanted:  Uid: 10014] ]
      NetworkRequest [ LISTEN id=32, [ Transports: WIFI Capabilities: NOT_RESTRICTED&TRUSTED&NOT_VPN Unwanted:  Uid: 10014] ]
      NetworkRequest [ LISTEN id=33, [ Transports: CELLULAR|WIFI Capabilities: NOT_RESTRICTED&TRUSTED&NOT_VPN Unwanted:  Uid: 10014] ]
      NetworkRequest [ LISTEN id=34, [ Capabilities: NOT_RESTRICTED&TRUSTED&NOT_VPN Unwanted:  Uid: 10020] ]
      NetworkRequest [ TRACK_DEFAULT id=35, [ Capabilities: INTERNET&NOT_RESTRICTED&TRUSTED Unwanted:  Uid: 10020] ]
      NetworkRequest [ TRACK_DEFAULT id=36, [ Capabilities: INTERNET&NOT_RESTRICTED&TRUSTED Unwanted:  Uid: 10020] ]
      NetworkRequest [ TRACK_DEFAULT id=37, [ Capabilities: INTERNET&NOT_RESTRICTED&TRUSTED Unwanted:  Uid: 10062] ]
      NetworkRequest [ TRACK_DEFAULT id=38, [ Capabilities: INTERNET&NOT_RESTRICTED&TRUSTED Unwanted:  Uid: 10062] ]
      NetworkRequest [ TRACK_DEFAULT id=39, [ Capabilities: INTERNET&NOT_RESTRICTED&TRUSTED Unwanted:  Uid: 10020] ]
      NetworkRequest [ TRACK_DEFAULT id=42, [ Capabilities: INTERNET&NOT_RESTRICTED&TRUSTED Unwanted:  Uid: 10016] ]
      NetworkRequest [ LISTEN id=43, [ Capabilities: INTERNET&NOT_RESTRICTED&TRUSTED Unwanted:  Uid: 10016] ]
      NetworkRequest [ TRACK_DEFAULT id=44, [ Capabilities: INTERNET&NOT_RESTRICTED&TRUSTED Unwanted:  Uid: 10016] ]
Network Requests:
  uid/pid:10019/1727 NetworkRequest [ LISTEN id=8, [ Transports: WIFI Capabilities: NOT_VPN Unwanted: ] ]
  uid/pid:10014/2065 NetworkRequest [ LISTEN id=11, [ Capabilities: INTERNET&TRUSTED Unwanted:  Uid: 10014] ]
  uid/pid:1000/1587 NetworkRequest [ REQUEST id=1, [ Capabilities: INTERNET&NOT_RESTRICTED&TRUSTED&NOT_VPN Unwanted: ] ]
  uid/pid:1000/1587 NetworkRequest [ TRACK_DEFAULT id=7, [ Capabilities: INTERNET&NOT_RESTRICTED&TRUSTED Unwanted:  Uid: 1000] ]
  uid/pid:10014/2065 NetworkRequest [ LISTEN id=25, [ Transports: WIFI Capabilities: NOT_RESTRICTED&TRUSTED&NOT_VPN Unwanted:  Uid: 10014] ]
  uid/pid:1000/1587 NetworkRequest [ LISTEN id=6, [ Capabilities: INTERNET&NOT_RESTRICTED&TRUSTED&VALIDATED Unwanted:  Uid: 1000] ]
  uid/pid:10062/4102 NetworkRequest [ TRACK_DEFAULT id=37, [ Capabilities: INTERNET&NOT_RESTRICTED&TRUSTED Unwanted:  Uid: 10062] ]
  uid/pid:1000/1587 NetworkRequest [ LISTEN id=3, [] ]
  uid/pid:10020/3773 NetworkRequest [ TRACK_DEFAULT id=39, [ Capabilities: INTERNET&NOT_RESTRICTED&TRUSTED Unwanted:  Uid: 10020] ]
  uid/pid:10016/2754 NetworkRequest [ TRACK_DEFAULT id=19, [ Capabilities: INTERNET&NOT_RESTRICTED&TRUSTED Unwanted:  Uid: 10016] ]
  uid/pid:10014/2134 NetworkRequest [ TRACK_DEFAULT id=15, [ Capabilities: INTERNET&NOT_RESTRICTED&TRUSTED Unwanted:  Uid: 10014] ]
  uid/pid:10014/2065 NetworkRequest [ TRACK_DEFAULT id=13, [ Capabilities: INTERNET&NOT_RESTRICTED&TRUSTED Unwanted:  Uid: 10014] ]
  uid/pid:10016/10181 NetworkRequest [ LISTEN id=43, [ Capabilities: INTERNET&NOT_RESTRICTED&TRUSTED Unwanted:  Uid: 10016] ]
  uid/pid:10014/2065 NetworkRequest [ LISTEN id=31, [ Transports: WIFI Capabilities: NOT_RESTRICTED&TRUSTED&NOT_VPN Unwanted:  Uid: 10014] ]
  uid/pid:10020/3773 NetworkRequest [ LISTEN id=34, [ Capabilities: NOT_RESTRICTED&TRUSTED&NOT_VPN Unwanted:  Uid: 10020] ]
  uid/pid:10020/3773 NetworkRequest [ TRACK_DEFAULT id=35, [ Capabilities: INTERNET&NOT_RESTRICTED&TRUSTED Unwanted:  Uid: 10020] ]
  uid/pid:1000/1587 NetworkRequest [ BACKGROUND_REQUEST id=2, [ Transports: CELLULAR Capabilities: INTERNET&NOT_RESTRICTED&TRUSTED&NOT_VPN Unwanted: ] ]
  uid/pid:10014/2134 NetworkRequest [ TRACK_DEFAULT id=29, [ Capabilities: INTERNET&NOT_RESTRICTED&TRUSTED Unwanted:  Uid: 10014] ]
  uid/pid:10016/10181 NetworkRequest [ TRACK_DEFAULT id=44, [ Capabilities: INTERNET&NOT_RESTRICTED&TRUSTED Unwanted:  Uid: 10016] ]
  uid/pid:10019/1727 NetworkRequest [ TRACK_DEFAULT id=9, [ Capabilities: INTERNET&NOT_RESTRICTED&TRUSTED Unwanted:  Uid: 10019] ]
  uid/pid:10019/1727 NetworkRequest [ LISTEN id=10, [] ]
  uid/pid:10014/2065 NetworkRequest [ LISTEN id=27, [ Capabilities: INTERNET&NOT_RESTRICTED&TRUSTED Unwanted:  Uid: 10014] ]
  uid/pid:10062/4102 NetworkRequest [ TRACK_DEFAULT id=38, [ Capabilities: INTERNET&NOT_RESTRICTED&TRUSTED Unwanted:  Uid: 10062] ]
  uid/pid:1000/1587 NetworkRequest [ LISTEN id=4, [ Transports: CELLULAR Capabilities: INTERNET&NOT_RESTRICTED&TRUSTED&NOT_VPN Unwanted:  Uid: 1000] ]
  uid/pid:10020/3773 NetworkRequest [ TRACK_DEFAULT id=36, [ Capabilities: INTERNET&NOT_RESTRICTED&TRUSTED Unwanted:  Uid: 10020] ]
  uid/pid:10014/2134 NetworkRequest [ LISTEN id=17, [ Capabilities: INTERNET&NOT_RESTRICTED&TRUSTED Unwanted:  Uid: 10014] ]
  uid/pid:10014/2065 NetworkRequest [ LISTEN id=33, [ Transports: CELLULAR|WIFI Capabilities: NOT_RESTRICTED&TRUSTED&NOT_VPN Unwanted:  Uid: 10014] ]
  uid/pid:10014/2065 NetworkRequest [ TRACK_DEFAULT id=12, [ Capabilities: INTERNET&NOT_RESTRICTED&TRUSTED Unwanted:  Uid: 10014] ]
  uid/pid:10016/10181 NetworkRequest [ TRACK_DEFAULT id=42, [ Capabilities: INTERNET&NOT_RESTRICTED&TRUSTED Unwanted:  Uid: 10016] ]
  uid/pid:10014/2065 NetworkRequest [ LISTEN id=32, [ Transports: WIFI Capabilities: NOT_RESTRICTED&TRUSTED&NOT_VPN Unwanted:  Uid: 10014] ]
  uid/pid:1000/1587 NetworkRequest [ LISTEN id=5, [ Capabilities: NOT_RESTRICTED&TRUSTED&NOT_VPN Unwanted:  Uid: 1000] ]
  uid/pid:10014/2065 NetworkRequest [ TRACK_DEFAULT id=26, [ Capabilities: INTERNET&NOT_RESTRICTED&TRUSTED Unwanted:  Uid: 10014] ]
    1 NetworkAgentInfo [WIFI () - 100] CONNECTED/CONNECTED
mNetworkRequestInfoLogs (most recent first):
  2025-11-28T23:23:27.542 - REGISTER uid/pid:10016/10181 NetworkRequest [ TRACK_DEFAULT id=44, [ Capabilities: INTERNET&NOT_RESTRICTED&TRUSTED Unwanted:  Uid: 10016] ]
  2025-11-28T23:23:26.010 - REGISTER uid/pid:10016/10181 NetworkRequest [ LISTEN id=43, [ Capabilities: INTERNET&NOT_RESTRICTED&TRUSTED Unwanted:  Uid: 10016] ]
  2025-11-28T23:23:25.973 - REGISTER uid/pid:10016/10181 NetworkRequest [ TRACK_DEFAULT id=42, [ Capabilities: INTERNET&NOT_RESTRICTED&TRUSTED Unwanted:  Uid: 10016] ]
  2025-11-28T23:18:32.632 - RELEASE uid/pid:10066/4702 NetworkRequest [ TRACK_DEFAULT id=41, [ Capabilities: INTERNET&NOT_RESTRICTED&TRUSTED Unwanted:  Uid: 10066] ]
  2025-11-28T23:18:31.853 - REGISTER uid/pid:10066/4702 NetworkRequest [ TRACK_DEFAULT id=41, [ Capabilities: INTERNET&NOT_RESTRICTED&TRUSTED Unwanted:  Uid: 10066] ]
  2025-11-28T23:12:34.848 - RELEASE uid/pid:10066/4702 NetworkRequest [ TRACK_DEFAULT id=40, [ Capabilities: INTERNET&NOT_RESTRICTED&TRUSTED Unwanted:  Uid: 10066] ]
  2025-11-28T23:12:32.107 - REGISTER uid/pid:10066/4702 NetworkRequest [ TRACK_DEFAULT id=40, [ Capabilities: INTERNET&NOT_RESTRICTED&TRUSTED Unwanted:  Uid: 10066] ]
  2025-11-28T23:01:52.248 - RELEASE uid/pid:10045/3443 NetworkRequest [ LISTEN id=30, [ Capabilities: INTERNET&NOT_RESTRICTED&TRUSTED Unwanted:  Uid: 10045] ]
  2025-11-28T23:01:52.248 - RELEASE uid/pid:10045/3443 NetworkRequest [ TRACK_DEFAULT id=28, [ Capabilities: INTERNET&NOT_RESTRICTED&TRUSTED Unwanted:  Uid: 10045] ]
  2025-11-28T23:01:51.747 - RELEASE uid/pid:10016/2571 NetworkRequest [ TRACK_DEFAULT id=14, [ Capabilities: INTERNET&NOT_RESTRICTED&TRUSTED Unwanted:  Uid: 10016] ]
  2025-11-28T23:01:51.747 - RELEASE uid/pid:10016/2571 NetworkRequest [ LISTEN id=16, [ Capabilities: INTERNET&NOT_RESTRICTED&TRUSTED Unwanted:  Uid: 10016] ]
  2025-11-28T23:01:51.746 - RELEASE uid/pid:10016/2571 NetworkRequest [ TRACK_DEFAULT id=20, [ Capabilities: INTERNET&NOT_RESTRICTED&TRUSTED Unwanted:  Uid: 10016] ]
  2025-11-28T22:59:57.056 - REGISTER uid/pid:10020/3773 NetworkRequest [ TRACK_DEFAULT id=39, [ Capabilities: INTERNET&NOT_RESTRICTED&TRUSTED Unwanted:  Uid: 10020] ]
  2025-11-28T22:58:27.093 - REGISTER uid/pid:10062/4102 NetworkRequest [ TRACK_DEFAULT id=38, [ Capabilities: INTERNET&NOT_RESTRICTED&TRUSTED Unwanted:  Uid: 10062] ]
  2025-11-28T22:58:27.022 - REGISTER uid/pid:10062/4102 NetworkRequest [ TRACK_DEFAULT id=37, [ Capabilities: INTERNET&NOT_RESTRICTED&TRUSTED Unwanted:  Uid: 10062] ]
  2025-11-28T22:56:55.645 - REGISTER uid/pid:10020/3773 NetworkRequest [ TRACK_DEFAULT id=36, [ Capabilities: INTERNET&NOT_RESTRICTED&TRUSTED Unwanted:  Uid: 10020] ]
  2025-11-28T22:56:55.359 - REGISTER uid/pid:10020/3773 NetworkRequest [ TRACK_DEFAULT id=35, [ Capabilities: INTERNET&NOT_RESTRICTED&TRUSTED Unwanted:  Uid: 10020] ]
  2025-11-28T22:56:55.291 - REGISTER uid/pid:10020/3773 NetworkRequest [ LISTEN id=34, [ Capabilities: NOT_RESTRICTED&TRUSTED&NOT_VPN Unwanted:  Uid: 10020] ]
  2025-11-28T22:56:52.083 - REGISTER uid/pid:10014/2065 NetworkRequest [ LISTEN id=33, [ Transports: CELLULAR|WIFI Capabilities: NOT_RESTRICTED&TRUSTED&NOT_VPN Unwanted:  Uid: 10014] ]
  2025-11-28T22:56:51.699 - RELEASE uid/pid:10020/2862 NetworkRequest [ TRACK_DEFAULT id=24, [ Capabilities: INTERNET&NOT_RESTRICTED&TRUSTED Unwanted:  Uid: 10020] ]
mNetworkInfoBlockingLogs (most recent first):

[23:37:18.895] [INFO] ≡ƒöì Checking memory status...
[23:37:19.109] [INFO] ≡ƒô▒ Memory Status:
[23:37:19.109] [INFO] Applications Memory Usage (in Kilobytes):
Uptime: 2477270 Realtime: 2477270

** MEMINFO in pid 14742 [app.pluct] **
                   Pss  Private  Private  SwapPss     Heap     Heap     Heap
                 Total    Dirty    Clean    Dirty     Size    Alloc     Free
                ------   ------   ------   ------   ------   ------   ------
  Native Heap    10494    10404        0        0    16384    13304     3079
  Dalvik Heap     4924     4860        0        0    10034     5017 ...
[23:37:19.110] [INFO] ≡ƒôè Test Statistics:
[23:37:19.110] [INFO] ≡ƒôè Current Run: 21 passed, 1 failed
[23:37:19.110] [INFO] ≡ƒôè Previous Run: 1 failed, 21 passed
[23:37:19.110] [ERROR] Γ¥î === FAILURE ANALYSIS COMPLETE ===
[23:37:19.110] [ERROR] Γ¥î Failed Test: Journey-E2E-Dynamic-UI-01Validation.js
[23:37:19.110] [ERROR] Γ¥î Error: CRITICAL: URL not found after input
[23:37:19.110] [ERROR] Γ¥î Time: 2025-11-28T20:37:19.110Z
[23:37:19.110] [ERROR] Γ¥î TERMINATING TEST EXECUTION DUE TO FAILURE
[23:37:19.110] [ERROR] Γ¥î This is the expected behavior in development mode
[23:37:19.110] [ERROR] Γ¥î Fix the failing test before running again
[23:37:19.110] [ERROR] Γ¥î Journey-E2E-Dynamic-UI-01Validation.js FAILED WITH EXCEPTION (25410ms): Test Journey-E2E-Dynamic-UI-01Validation.js failed: CRITICAL: URL not found after input
[23:37:19.110] [INFO] ≡ƒöì === DETAILED FAILURE ANALYSIS ===
[23:37:19.110] [INFO] ≡ƒöì Failed Test: Journey-E2E-Dynamic-UI-01Validation.js
[23:37:19.110] [INFO] ≡ƒöì Error: Test Journey-E2E-Dynamic-UI-01Validation.js failed: CRITICAL: URL not found after input
[23:37:19.110] [INFO] ≡ƒöì Timestamp: 2025-11-28T20:37:19.110Z
[23:37:19.110] [INFO] ≡ƒöì Capturing current UI state...
[23:37:20.545] [INFO] ≡ƒô▒ Current UI State:
[23:37:20.546] [INFO] <?xml version='1.0' encoding='UTF-8' standalone='yes' ?><hierarchy rotation="0"><node index="0" text="" resource-id="" class="android.widget.FrameLayout" package="app.pluct" content-desc="" checkable="false" checked="false" clickable="false" enabled="true" focusable="false" focused="false" scrollable="false" long-clickable="false" password="false" selected="false" bounds="[0,0][720,1280]"><node index="0" text="" resource-id="" class="android.widget.LinearLayout" package="app.pluct" content-desc="" checkable="false" checked="false" clickable="false" enabled="true" focusable="false" focused="false" scrollable="false" long-clickable="false" password="false" selected="false" bounds="[0,0][720,1280]"><node index="0" text="" resource-id="android:id/content" class="android.widget.FrameLayout" package="app.pluct" content-desc="" checkable="false" checked="false" clickable="false" enabled="true" focusable="false" focused="false" scrollable="false" long-clickable="false" password="false" selected="false" bounds="[0,48][720,1280]"><node index="0" text="" resource-id="" class="androidx.compose.ui.platform.ComposeView" package="app.pluct" content-desc="" checkable="false" checked="false" clickable="false" enabled="true" focusable="false" focused="false" scrollable="false" long-clickable="false" password="false" selected="false" bounds="[0,48][720,1280]"><node index="0" text="" resource-id="" class="android.view.View" package="app.pluct" content-desc="" checkable="false" checked="false" clickable="false" enabled="true" focusable="false" focused="false" scrollable="false" long-clickable="false" password="false" selected="false" bounds="[0,48][720,1280]"><node index="0" text="" resource-id="" class="android.view.View" package="app.pluct" content-desc="" checkable="false" checked="false" clickable="false" enabled="true" focusable="false" focused="false" scrollable="false" long-clickable="false" password="false" selected="false" bounds="[0,48][720,1280]"><node index="0" text="" resou...
[23:37:20.546] [INFO] ≡ƒöì Checking recent logcat errors...
[23:37:20.772] [INFO] ≡ƒô▒ Recent Logcat Errors:
[23:37:20.772] [INFO] 11-28 23:36:51.453 14742 14742 D IntentHandler: Received URI: pluct://debug/error?code=TEST_ERROR
11-28 23:36:53.660 15843 15843 E cutils-trace: Error opening trace file: No such file or directory (2)
11-28 23:36:55.039  1587  3720 I ActivityManager: START u0 {flg=0x10000000 cmp=app.pluct/.PluctUIScreen01MainActivity} from uid 2000
11-28 23:37:00.330  1587  3720 I ActivityManager: START u0 {flg=0x10000000 cmp=app.pluct/.PluctUIScreen01MainActivity} from uid 2000
11-28 23:37:01.549 15871 15871 E cutils-trace: Error opening trace file: No such file or directory (2)
11-28 23:37:02.992 15885 15885 E cutils-trace: Error opening trace file: No such file or directory (2)
11-28 23:37:04.414 15899 15899 E cutils-trace: Error opening trace file: No such file or directory (2)
11-28 23:37:05.843 15913 15913 E cutils-trace: Error opening trace file: No such file or directory (2)
11-28 23:37:07.283 15929 15929 E cutils-trace: Error opening trace file: No such file or directory (2)
11-28 23:37:08.737 15943 15943 E cutils-trace: Error opening trace file: No such file or directory (2)
11-28 23:37:10.043 15958 15958 E cutils-trace: Error opening trace file: No such file or directory (2)
11-28 23:37:10.497 15968 15968 E cutils-trace: Error opening trace file: No such file or directory (2)
11-28 23:37:11.594 15983 15983 E cutils-trace: Error opening trace file: No such file or directory (2)
11-28 23:37:13.022 16000 16000 E cutils-trace: Error opening trace file: No such file or directory (2)
11-28 23:37:14.321 16010 16010 E cutils-trace: Error opening trace file: No such file or directory (2)
11-28 23:37:16.747 16024 16024 E cutils-trace: Error opening trace file: No such file or directory (2)
11-28 23:37:18.216 16037 16037 E cutils-trace: Error opening trace file: No such file or directory (2)
11-28 23:37:20.267 14742 14756 I app.pluct: Explicit concurrent copying GC freed 10078(414KB) AllocSpace objects, 0(0B) LOS objects, 49% free, 4MB/9MB, paused 17us total 18.097ms
11-28 23:37:20.525 16066 16066 E cutils-trace: Error opening trace file: No such file or directory (2)

[23:37:20.772] [INFO] ≡ƒöì Checking app status...
[23:37:20.894] [INFO] ≡ƒô▒ App Status:
[23:37:20.894] [INFO]     * TaskRecord{26c4048 #22 A=app.pluct U=0 StackId=20 sz=1}
      affinity=app.pluct
      intent={flg=0x10000000 cmp=app.pluct/.PluctUIScreen01MainActivity}
      realActivity=app.pluct/.PluctUIScreen01MainActivity
      Activities=[ActivityRecord{ec494d3 u0 app.pluct/.PluctUIScreen01MainActivity t22}]
      mRootProcess=ProcessRecord{35d7ee1 14742:app.pluct/u0a277}
      * Hist #0: ActivityRecord{ec494d3 u0 app.pluct/.PluctUIScreen01MainActivity t22}
          packageName=app.pluct processName=app.pluct
          app=ProcessRecord{35d7ee1 14742:app.pluct/u0a277}
          Intent { flg=0x10000000 cmp=app.pluct/.PluctUIScreen01MainActivity }
          frontOfTask=true task=TaskRecord{26c4048 #22 A=app.pluct U=0 StackId=20 sz=1}
          taskAffinity=app.pluct
          realActivity=app.pluct/.PluctUIScreen01MainActivity
          baseDir=/data/app/app.pluct-BZDllgf89OYfyJ6up1g_mw==/base.apk
          dataDir=/data/user/0/app.pluct
      TaskRecord{26c4048 #22 A=app.pluct U=0 StackId=20 sz=1}
        Run #0: ActivityRecord{ec494d3 u0 app.pluct/.PluctUIScreen01MainActivity t22}
    mResumedActivity: ActivityRecord{ec494d3 u0 app.pluct/.PluctUIScreen01MainActivity t22}
  ResumedActivity: ActivityRecord{ec494d3 u0 app.pluct/.PluctUIScreen01MainActivity t22}

[23:37:20.894] [INFO] ≡ƒöì Checking device information...
[23:37:21.010] [INFO] ≡ƒô▒ Android Version: 9
[23:37:21.010] [INFO] ≡ƒöì Checking network status...
[23:37:21.166] [INFO] ≡ƒô▒ Network Status:
[23:37:21.166] [INFO] NetworkFactories for: Ethernet PhoneSwitcherNetworkRequstListener WIFI WIFI_UT TelephonyNetworkFactory[0] WIFI_AWARE_FACTORY
Active default network: 100
Current Networks:
  NetworkAgentInfo{ ni{[type: WIFI[], state: CONNECTED/CONNECTED, reason: (unspecified), extra: (none), failover: false, available: true, roaming: false]}  network{100}  nethandle{432902426637}  lp{{InterfaceName: wlan0 LinkAddresses: [fe80::2db:7cff:fed1:eba7/64,172.16.1.15/24,]  Routes: [fe80::/64 -> :: wlan0,172.16.1.0/24 -> 0.0.0.0 wlan0,0.0.0.0/0 -> 172.16.1.2 wlan0,] DnsAddresses: [10.243.48.180,8.8.8.8,8.8.4.4,] UsePrivateDns: true PrivateDnsServerName: null Domains: null MTU: 0 TcpBufferSizes: 524288,1048576,2097152,262144,524288,1048576 HttpProxy: [ProxyProperties.mHost == null] }}  nc{[ Transports: WIFI Capabilities: NOT_METERED&INTERNET&NOT_RESTRICTED&TRUSTED&NOT_VPN&VALIDATED&NOT_ROAMING&FOREGROUND&NOT_CONGESTED&NOT_SUSPENDED Unwanted:  LinkUpBandwidth>=1048576Kbps LinkDnBandwidth>=1048576Kbps SignalStrength: -50 SSID: ""station-EOKQVH""]}  Score{60}  everValidated{true}  lastValidated{true}  created{true} lingering{false} explicitlySelected{false} acceptUnvalidated{false} everCaptivePortalDetected{false} lastCaptivePortalDetected{false} clat{null} }
      NetworkRequest [ REQUEST id=1, [ Capabilities: INTERNET&NOT_RESTRICTED&TRUSTED&NOT_VPN Unwanted: ] ]
      NetworkRequest [ LISTEN id=3, [] ]
      NetworkRequest [ LISTEN id=5, [ Capabilities: NOT_RESTRICTED&TRUSTED&NOT_VPN Unwanted:  Uid: 1000] ]
      NetworkRequest [ LISTEN id=6, [ Capabilities: INTERNET&NOT_RESTRICTED&TRUSTED&VALIDATED Unwanted:  Uid: 1000] ]
      NetworkRequest [ TRACK_DEFAULT id=7, [ Capabilities: INTERNET&NOT_RESTRICTED&TRUSTED Unwanted:  Uid: 1000] ]
      NetworkRequest [ LISTEN id=8, [ Transports: WIFI Capabilities: NOT_VPN Unwanted: ] ]
      NetworkRequest [ TRACK_DEFAULT id=9, [ Capabilities: INTERNET&NOT_RESTRICTED&TRUSTED Unwanted:  Uid: 10019] ]
      NetworkRequest [ LISTEN id=10, [] ]
      NetworkRequest [ LISTEN id=11, [ Capabilities: INTERNET&TRUSTED Unwanted:  Uid: 10014] ]
      NetworkRequest [ TRACK_DEFAULT id=12, [ Capabilities: INTERNET&NOT_RESTRICTED&TRUSTED Unwanted:  Uid: 10014] ]
      NetworkRequest [ TRACK_DEFAULT id=13, [ Capabilities: INTERNET&NOT_RESTRICTED&TRUSTED Unwanted:  Uid: 10014] ]
      NetworkRequest [ TRACK_DEFAULT id=15, [ Capabilities: INTERNET&NOT_RESTRICTED&TRUSTED Unwanted:  Uid: 10014] ]
      NetworkRequest [ LISTEN id=17, [ Capabilities: INTERNET&NOT_RESTRICTED&TRUSTED Unwanted:  Uid: 10014] ]
      NetworkRequest [ TRACK_DEFAULT id=19, [ Capabilities: INTERNET&NOT_RESTRICTED&TRUSTED Unwanted:  Uid: 10016] ]
      NetworkRequest [ LISTEN id=25, [ Transports: WIFI Capabilities: NOT_RESTRICTED&TRUSTED&NOT_VPN Unwanted:  Uid: 10014] ]
      NetworkRequest [ TRACK_DEFAULT id=26, [ Capabilities: INTERNET&NOT_RESTRICTED&TRUSTED Unwanted:  Uid: 10014] ]
      NetworkRequest [ LISTEN id=27, [ Capabilities: INTERNET&NOT_RESTRICTED&TRUSTED Unwanted:  Uid: 10014] ]
      NetworkRequest [ TRACK_DEFAULT id=29, [ Capabilities: INTERNET&NOT_RESTRICTED&TRUSTED Unwanted:  Uid: 10014] ]
      NetworkRequest [ LISTEN id=31, [ Transports: WIFI Capabilities: NOT_RESTRICTED&TRUSTED&NOT_VPN Unwanted:  Uid: 10014] ]
      NetworkRequest [ LISTEN id=32, [ Transports: WIFI Capabilities: NOT_RESTRICTED&TRUSTED&NOT_VPN Unwanted:  Uid: 10014] ]
      NetworkRequest [ LISTEN id=33, [ Transports: CELLULAR|WIFI Capabilities: NOT_RESTRICTED&TRUSTED&NOT_VPN Unwanted:  Uid: 10014] ]
      NetworkRequest [ LISTEN id=34, [ Capabilities: NOT_RESTRICTED&TRUSTED&NOT_VPN Unwanted:  Uid: 10020] ]
      NetworkRequest [ TRACK_DEFAULT id=35, [ Capabilities: INTERNET&NOT_RESTRICTED&TRUSTED Unwanted:  Uid: 10020] ]
      NetworkRequest [ TRACK_DEFAULT id=36, [ Capabilities: INTERNET&NOT_RESTRICTED&TRUSTED Unwanted:  Uid: 10020] ]
      NetworkRequest [ TRACK_DEFAULT id=37, [ Capabilities: INTERNET&NOT_RESTRICTED&TRUSTED Unwanted:  Uid: 10062] ]
      NetworkRequest [ TRACK_DEFAULT id=38, [ Capabilities: INTERNET&NOT_RESTRICTED&TRUSTED Unwanted:  Uid: 10062] ]
      NetworkRequest [ TRACK_DEFAULT id=39, [ Capabilities: INTERNET&NOT_RESTRICTED&TRUSTED Unwanted:  Uid: 10020] ]
      NetworkRequest [ TRACK_DEFAULT id=42, [ Capabilities: INTERNET&NOT_RESTRICTED&TRUSTED Unwanted:  Uid: 10016] ]
      NetworkRequest [ LISTEN id=43, [ Capabilities: INTERNET&NOT_RESTRICTED&TRUSTED Unwanted:  Uid: 10016] ]
      NetworkRequest [ TRACK_DEFAULT id=44, [ Capabilities: INTERNET&NOT_RESTRICTED&TRUSTED Unwanted:  Uid: 10016] ]
Network Requests:
  uid/pid:10019/1727 NetworkRequest [ LISTEN id=8, [ Transports: WIFI Capabilities: NOT_VPN Unwanted: ] ]
  uid/pid:10014/2065 NetworkRequest [ LISTEN id=11, [ Capabilities: INTERNET&TRUSTED Unwanted:  Uid: 10014] ]
  uid/pid:1000/1587 NetworkRequest [ REQUEST id=1, [ Capabilities: INTERNET&NOT_RESTRICTED&TRUSTED&NOT_VPN Unwanted: ] ]
  uid/pid:1000/1587 NetworkRequest [ TRACK_DEFAULT id=7, [ Capabilities: INTERNET&NOT_RESTRICTED&TRUSTED Unwanted:  Uid: 1000] ]
  uid/pid:10014/2065 NetworkRequest [ LISTEN id=25, [ Transports: WIFI Capabilities: NOT_RESTRICTED&TRUSTED&NOT_VPN Unwanted:  Uid: 10014] ]
  uid/pid:1000/1587 NetworkRequest [ LISTEN id=6, [ Capabilities: INTERNET&NOT_RESTRICTED&TRUSTED&VALIDATED Unwanted:  Uid: 1000] ]
  uid/pid:10062/4102 NetworkRequest [ TRACK_DEFAULT id=37, [ Capabilities: INTERNET&NOT_RESTRICTED&TRUSTED Unwanted:  Uid: 10062] ]
  uid/pid:1000/1587 NetworkRequest [ LISTEN id=3, [] ]
  uid/pid:10020/3773 NetworkRequest [ TRACK_DEFAULT id=39, [ Capabilities: INTERNET&NOT_RESTRICTED&TRUSTED Unwanted:  Uid: 10020] ]
  uid/pid:10016/2754 NetworkRequest [ TRACK_DEFAULT id=19, [ Capabilities: INTERNET&NOT_RESTRICTED&TRUSTED Unwanted:  Uid: 10016] ]
  uid/pid:10014/2134 NetworkRequest [ TRACK_DEFAULT id=15, [ Capabilities: INTERNET&NOT_RESTRICTED&TRUSTED Unwanted:  Uid: 10014] ]
  uid/pid:10014/2065 NetworkRequest [ TRACK_DEFAULT id=13, [ Capabilities: INTERNET&NOT_RESTRICTED&TRUSTED Unwanted:  Uid: 10014] ]
  uid/pid:10016/10181 NetworkRequest [ LISTEN id=43, [ Capabilities: INTERNET&NOT_RESTRICTED&TRUSTED Unwanted:  Uid: 10016] ]
  uid/pid:10014/2065 NetworkRequest [ LISTEN id=31, [ Transports: WIFI Capabilities: NOT_RESTRICTED&TRUSTED&NOT_VPN Unwanted:  Uid: 10014] ]
  uid/pid:10020/3773 NetworkRequest [ LISTEN id=34, [ Capabilities: NOT_RESTRICTED&TRUSTED&NOT_VPN Unwanted:  Uid: 10020] ]
  uid/pid:10020/3773 NetworkRequest [ TRACK_DEFAULT id=35, [ Capabilities: INTERNET&NOT_RESTRICTED&TRUSTED Unwanted:  Uid: 10020] ]
  uid/pid:1000/1587 NetworkRequest [ BACKGROUND_REQUEST id=2, [ Transports: CELLULAR Capabilities: INTERNET&NOT_RESTRICTED&TRUSTED&NOT_VPN Unwanted: ] ]
  uid/pid:10014/2134 NetworkRequest [ TRACK_DEFAULT id=29, [ Capabilities: INTERNET&NOT_RESTRICTED&TRUSTED Unwanted:  Uid: 10014] ]
  uid/pid:10016/10181 NetworkRequest [ TRACK_DEFAULT id=44, [ Capabilities: INTERNET&NOT_RESTRICTED&TRUSTED Unwanted:  Uid: 10016] ]
  uid/pid:10019/1727 NetworkRequest [ TRACK_DEFAULT id=9, [ Capabilities: INTERNET&NOT_RESTRICTED&TRUSTED Unwanted:  Uid: 10019] ]
  uid/pid:10019/1727 NetworkRequest [ LISTEN id=10, [] ]
  uid/pid:10014/2065 NetworkRequest [ LISTEN id=27, [ Capabilities: INTERNET&NOT_RESTRICTED&TRUSTED Unwanted:  Uid: 10014] ]
  uid/pid:10062/4102 NetworkRequest [ TRACK_DEFAULT id=38, [ Capabilities: INTERNET&NOT_RESTRICTED&TRUSTED Unwanted:  Uid: 10062] ]
  uid/pid:1000/1587 NetworkRequest [ LISTEN id=4, [ Transports: CELLULAR Capabilities: INTERNET&NOT_RESTRICTED&TRUSTED&NOT_VPN Unwanted:  Uid: 1000] ]
  uid/pid:10020/3773 NetworkRequest [ TRACK_DEFAULT id=36, [ Capabilities: INTERNET&NOT_RESTRICTED&TRUSTED Unwanted:  Uid: 10020] ]
  uid/pid:10014/2134 NetworkRequest [ LISTEN id=17, [ Capabilities: INTERNET&NOT_RESTRICTED&TRUSTED Unwanted:  Uid: 10014] ]
  uid/pid:10014/2065 NetworkRequest [ LISTEN id=33, [ Transports: CELLULAR|WIFI Capabilities: NOT_RESTRICTED&TRUSTED&NOT_VPN Unwanted:  Uid: 10014] ]
  uid/pid:10014/2065 NetworkRequest [ TRACK_DEFAULT id=12, [ Capabilities: INTERNET&NOT_RESTRICTED&TRUSTED Unwanted:  Uid: 10014] ]
  uid/pid:10016/10181 NetworkRequest [ TRACK_DEFAULT id=42, [ Capabilities: INTERNET&NOT_RESTRICTED&TRUSTED Unwanted:  Uid: 10016] ]
  uid/pid:10014/2065 NetworkRequest [ LISTEN id=32, [ Transports: WIFI Capabilities: NOT_RESTRICTED&TRUSTED&NOT_VPN Unwanted:  Uid: 10014] ]
  uid/pid:1000/1587 NetworkRequest [ LISTEN id=5, [ Capabilities: NOT_RESTRICTED&TRUSTED&NOT_VPN Unwanted:  Uid: 1000] ]
  uid/pid:10014/2065 NetworkRequest [ TRACK_DEFAULT id=26, [ Capabilities: INTERNET&NOT_RESTRICTED&TRUSTED Unwanted:  Uid: 10014] ]
    1 NetworkAgentInfo [WIFI () - 100] CONNECTED/CONNECTED
mNetworkRequestInfoLogs (most recent first):
  2025-11-28T23:23:27.542 - REGISTER uid/pid:10016/10181 NetworkRequest [ TRACK_DEFAULT id=44, [ Capabilities: INTERNET&NOT_RESTRICTED&TRUSTED Unwanted:  Uid: 10016] ]
  2025-11-28T23:23:26.010 - REGISTER uid/pid:10016/10181 NetworkRequest [ LISTEN id=43, [ Capabilities: INTERNET&NOT_RESTRICTED&TRUSTED Unwanted:  Uid: 10016] ]
  2025-11-28T23:23:25.973 - REGISTER uid/pid:10016/10181 NetworkRequest [ TRACK_DEFAULT id=42, [ Capabilities: INTERNET&NOT_RESTRICTED&TRUSTED Unwanted:  Uid: 10016] ]
  2025-11-28T23:18:32.632 - RELEASE uid/pid:10066/4702 NetworkRequest [ TRACK_DEFAULT id=41, [ Capabilities: INTERNET&NOT_RESTRICTED&TRUSTED Unwanted:  Uid: 10066] ]
  2025-11-28T23:18:31.853 - REGISTER uid/pid:10066/4702 NetworkRequest [ TRACK_DEFAULT id=41, [ Capabilities: INTERNET&NOT_RESTRICTED&TRUSTED Unwanted:  Uid: 10066] ]
  2025-11-28T23:12:34.848 - RELEASE uid/pid:10066/4702 NetworkRequest [ TRACK_DEFAULT id=40, [ Capabilities: INTERNET&NOT_RESTRICTED&TRUSTED Unwanted:  Uid: 10066] ]
  2025-11-28T23:12:32.107 - REGISTER uid/pid:10066/4702 NetworkRequest [ TRACK_DEFAULT id=40, [ Capabilities: INTERNET&NOT_RESTRICTED&TRUSTED Unwanted:  Uid: 10066] ]
  2025-11-28T23:01:52.248 - RELEASE uid/pid:10045/3443 NetworkRequest [ LISTEN id=30, [ Capabilities: INTERNET&NOT_RESTRICTED&TRUSTED Unwanted:  Uid: 10045] ]
  2025-11-28T23:01:52.248 - RELEASE uid/pid:10045/3443 NetworkRequest [ TRACK_DEFAULT id=28, [ Capabilities: INTERNET&NOT_RESTRICTED&TRUSTED Unwanted:  Uid: 10045] ]
  2025-11-28T23:01:51.747 - RELEASE uid/pid:10016/2571 NetworkRequest [ TRACK_DEFAULT id=14, [ Capabilities: INTERNET&NOT_RESTRICTED&TRUSTED Unwanted:  Uid: 10016] ]
  2025-11-28T23:01:51.747 - RELEASE uid/pid:10016/2571 NetworkRequest [ LISTEN id=16, [ Capabilities: INTERNET&NOT_RESTRICTED&TRUSTED Unwanted:  Uid: 10016] ]
  2025-11-28T23:01:51.746 - RELEASE uid/pid:10016/2571 NetworkRequest [ TRACK_DEFAULT id=20, [ Capabilities: INTERNET&NOT_RESTRICTED&TRUSTED Unwanted:  Uid: 10016] ]
  2025-11-28T22:59:57.056 - REGISTER uid/pid:10020/3773 NetworkRequest [ TRACK_DEFAULT id=39, [ Capabilities: INTERNET&NOT_RESTRICTED&TRUSTED Unwanted:  Uid: 10020] ]
  2025-11-28T22:58:27.093 - REGISTER uid/pid:10062/4102 NetworkRequest [ TRACK_DEFAULT id=38, [ Capabilities: INTERNET&NOT_RESTRICTED&TRUSTED Unwanted:  Uid: 10062] ]
  2025-11-28T22:58:27.022 - REGISTER uid/pid:10062/4102 NetworkRequest [ TRACK_DEFAULT id=37, [ Capabilities: INTERNET&NOT_RESTRICTED&TRUSTED Unwanted:  Uid: 10062] ]
  2025-11-28T22:56:55.645 - REGISTER uid/pid:10020/3773 NetworkRequest [ TRACK_DEFAULT id=36, [ Capabilities: INTERNET&NOT_RESTRICTED&TRUSTED Unwanted:  Uid: 10020] ]
  2025-11-28T22:56:55.359 - REGISTER uid/pid:10020/3773 NetworkRequest [ TRACK_DEFAULT id=35, [ Capabilities: INTERNET&NOT_RESTRICTED&TRUSTED Unwanted:  Uid: 10020] ]
  2025-11-28T22:56:55.291 - REGISTER uid/pid:10020/3773 NetworkRequest [ LISTEN id=34, [ Capabilities: NOT_RESTRICTED&TRUSTED&NOT_VPN Unwanted:  Uid: 10020] ]
  2025-11-28T22:56:52.083 - REGISTER uid/pid:10014/2065 NetworkRequest [ LISTEN id=33, [ Transports: CELLULAR|WIFI Capabilities: NOT_RESTRICTED&TRUSTED&NOT_VPN Unwanted:  Uid: 10014] ]
  2025-11-28T22:56:51.699 - RELEASE uid/pid:10020/2862 NetworkRequest [ TRACK_DEFAULT id=24, [ Capabilities: INTERNET&NOT_RESTRICTED&TRUSTED Unwanted:  Uid: 10020] ]
mNetworkInfoBlockingLogs (most recent first):

[23:37:21.167] [INFO] ≡ƒöì Checking memory status...
[23:37:21.380] [INFO] ≡ƒô▒ Memory Status:
[23:37:21.381] [INFO] Applications Memory Usage (in Kilobytes):
Uptime: 2479547 Realtime: 2479547

** MEMINFO in pid 14742 [app.pluct] **
                   Pss  Private  Private  SwapPss     Heap     Heap     Heap
                 Total    Dirty    Clean    Dirty     Size    Alloc     Free
                ------   ------   ------   ------   ------   ------   ------
  Native Heap    10526    10436        0        0    16384    13407     2976
  Dalvik Heap     5012     4948        0        0    10039     5020 ...
[23:37:21.381] [INFO] ≡ƒôè Test Statistics:
[23:37:21.381] [INFO] ≡ƒôè Current Run: 21 passed, 1 failed
[23:37:21.381] [INFO] ≡ƒôè Previous Run: 1 failed, 21 passed
[23:37:21.381] [ERROR] Γ¥î === FAILURE ANALYSIS COMPLETE ===
[23:37:21.381] [ERROR] Γ¥î Failed Test: Journey-E2E-Dynamic-UI-01Validation.js
[23:37:21.381] [ERROR] Γ¥î Error: Test Journey-E2E-Dynamic-UI-01Validation.js failed: CRITICAL: URL not found after input
[23:37:21.381] [ERROR] Γ¥î Time: 2025-11-28T20:37:21.381Z
[23:37:21.381] [ERROR] Γ¥î TERMINATING TEST EXECUTION DUE TO EXCEPTION
[23:37:21.382] [ERROR] Γ¥î Test execution terminated due to failure
[23:37:21.383] [ERROR] Γ¥î Error: Test Journey-E2E-Dynamic-UI-01Validation.js failed: CRITICAL: URL not found after input
[23:37:21.383] [ERROR] Γ¥î Test execution failed
[23:37:21.383] [ERROR] Γ¥î Error: Test Journey-E2E-Dynamic-UI-01Validation.js failed: CRITICAL: URL not found after input
node.exe : Γ¥î Tests failed: Test 
Journey-E2E-Dynamic-UI-01Validation.js failed: CRITICAL: URL not 
found after input
At C:\Program Files\nodejs\npm.ps1:29 char:3
+   & $NODE_EXE $NPM_CLI_JS $args
+   ~~~~~~~~~~~~~~~~~~~~~~~~~~~~~
    + CategoryInfo          : NotSpecified: (Γ¥î Tests faile...und af 
   ter input:String) [], RemoteException
    + FullyQualifiedErrorId : NativeCommandError
 
